lcd.c:346:13:dma2d_xfer_cplt	0	static
lcd.c:357:13:dma2d_clut_cplt	0	static
lcd.c:382:13:LCD_SetWindowsF	8	static,ignoring_inline_asm
lcd.c:351:13:dma2d_xfer_err	0	static
lcd.c:363:6:DMA2D_Callbacks_Init	8	static
lcd.c:431:6:HAL_GPEXT4_ScreenUpdate	0	static
lcd.c:474:6:LCD_CrashDisplay	24	static,ignoring_inline_asm
lcd.c:567:6:LCD_InitHW	40	static,ignoring_inline_asm
lcd.c:688:6:LCD_PIXEL_COLOUR_SET	0	static
lcd.c:706:6:HWLCD_CLEAR_SCREEN	8	static,ignoring_inline_asm
lcd.c:712:6:LCD_VRAM_CLEAR	16	static
lcd.c:726:6:lcd_showbitmap2	0	static
lcd.c:731:6:lcd_showfbitmap	0	static
lcd.c:735:6:lcd_showbbitmap	0	static
lcd.c:740:6:lcd_usebitmap	0	static
lcd.c:744:6:lcd_setbrightness	0	static
lcd.c:749:6:bios_text	56	static,ignoring_inline_asm
lcd.c:773:6:lcd_load_default_clut	8	static
lcd.c:809:6:doLCDTest	20	static
lcd.c:829:6:lcd_vwait	0	static
lcd.c:835:6:lcd_vram_clear	8	static
lcd.c:848:6:lcd_update	24	static,ignoring_inline_asm
lcd.c:875:6:lcd_load_new_clut	4	static
lcd.c:881:11:lcd_get_clut	0	static
