core_cm7.h:2156:34:__NVIC_SystemReset	0	static,ignoring_inline_asm
stm32h7xx_it.c:357:13:HAL_GPEXT4_ScreenUpdate	0	static
stm32h7xx_it.c:359:13:SMS_ScreenFDate_IRQHandler	0	static
stm32h7xx_it.c:28:6:NMI_Handler	8	static
stm32h7xx_it.c:34:6:HardFault_Handler	48	static,ignoring_inline_asm
stm32h7xx_it.c:88:6:MemManage_Handler	48	static,ignoring_inline_asm
stm32h7xx_it.c:141:6:BusFault_Handler	48	static,ignoring_inline_asm
stm32h7xx_it.c:194:6:UsageFault_Handler	48	static,ignoring_inline_asm
stm32h7xx_it.c:247:6:SVC_Handler	0	static
stm32h7xx_it.c:251:6:DebugMon_Handler	0	static
stm32h7xx_it.c:255:6:PendSV_Handler	0	static
stm32h7xx_it.c:259:6:SysTick_Handler	0	static
stm32h7xx_it.c:263:6:EXTI4_IRQHandler	8	static
stm32h7xx_it.c:268:6:DMA1_Stream2_IRQHandler	0	static
stm32h7xx_it.c:272:6:DMA1_Stream4_IRQHandler	0	static
stm32h7xx_it.c:276:6:EXTI9_5_IRQHandler	8	static
stm32h7xx_it.c:281:6:TIM2_IRQHandler	0	static
stm32h7xx_it.c:285:6:SPI1_IRQHandler	0	static
stm32h7xx_it.c:289:6:SPI2_IRQHandler	0	static
stm32h7xx_it.c:293:6:USART1_IRQHandler	0	static
stm32h7xx_it.c:297:6:EXTI15_10_IRQHandler	8	static
stm32h7xx_it.c:304:6:TIM5_IRQHandler	0	static
stm32h7xx_it.c:308:6:SPI3_IRQHandler	0	static
stm32h7xx_it.c:312:6:TIM6_DAC_IRQHandler	8	static
stm32h7xx_it.c:317:6:TIM7_IRQHandler	0	static
stm32h7xx_it.c:321:6:DMA2_Stream0_IRQHandler	0	static
stm32h7xx_it.c:325:6:DMA2_Stream1_IRQHandler	0	static
stm32h7xx_it.c:329:6:DMA2_Stream2_IRQHandler	0	static
stm32h7xx_it.c:333:6:DMA2_Stream3_IRQHandler	0	static
stm32h7xx_it.c:337:6:DMA2_Stream4_IRQHandler	0	static
stm32h7xx_it.c:341:6:SPI4_IRQHandler	0	static
stm32h7xx_it.c:345:6:SPI5_IRQHandler	0	static
stm32h7xx_it.c:349:6:DMA2D_IRQHandler	0	static
stm32h7xx_it.c:353:6:OTG_FS_IRQHandler	0	static
stm32h7xx_it.c:362:6:SetEXTI4Callback	0	static
stm32h7xx_it.c:366:6:SetEXTI4CallbackSMS	0	static
