Archive member included to satisfy reference by file (symbol)

/opt/st/stm32cubeide_1.6.0/plugins/com.st.stm32cube.ide.mcu.externaltools.gnu-tools-for-stm32.9-2020-q2-update.linux64_1.5.0.202011040924/tools/bin/../lib/gcc/arm-none-eabi/9.3.1/../../../../arm-none-eabi/lib/thumb/v7e-m+dp/hard/libc_nano.a(lib_a-errno.o)
                              Core/kernel/Drivers/syscalls.o (__errno)
/opt/st/stm32cubeide_1.6.0/plugins/com.st.stm32cube.ide.mcu.externaltools.gnu-tools-for-stm32.9-2020-q2-update.linux64_1.5.0.202011040924/tools/bin/../lib/gcc/arm-none-eabi/9.3.1/../../../../arm-none-eabi/lib/thumb/v7e-m+dp/hard/libc_nano.a(lib_a-exit.o)
                              /opt/st/stm32cubeide_1.6.0/plugins/com.st.stm32cube.ide.mcu.externaltools.gnu-tools-for-stm32.9-2020-q2-update.linux64_1.5.0.202011040924/tools/bin/../lib/gcc/arm-none-eabi/9.3.1/../../../../arm-none-eabi/lib/thumb/v7e-m+dp/hard/crt0.o (exit)
/opt/st/stm32cubeide_1.6.0/plugins/com.st.stm32cube.ide.mcu.externaltools.gnu-tools-for-stm32.9-2020-q2-update.linux64_1.5.0.202011040924/tools/bin/../lib/gcc/arm-none-eabi/9.3.1/../../../../arm-none-eabi/lib/thumb/v7e-m+dp/hard/libc_nano.a(lib_a-impure.o)
                              /opt/st/stm32cubeide_1.6.0/plugins/com.st.stm32cube.ide.mcu.externaltools.gnu-tools-for-stm32.9-2020-q2-update.linux64_1.5.0.202011040924/tools/bin/../lib/gcc/arm-none-eabi/9.3.1/../../../../arm-none-eabi/lib/thumb/v7e-m+dp/hard/libc_nano.a(lib_a-exit.o) (_global_impure_ptr)
/opt/st/stm32cubeide_1.6.0/plugins/com.st.stm32cube.ide.mcu.externaltools.gnu-tools-for-stm32.9-2020-q2-update.linux64_1.5.0.202011040924/tools/bin/../lib/gcc/arm-none-eabi/9.3.1/../../../../arm-none-eabi/lib/thumb/v7e-m+dp/hard/libc_nano.a(lib_a-init.o)
                              /opt/st/stm32cubeide_1.6.0/plugins/com.st.stm32cube.ide.mcu.externaltools.gnu-tools-for-stm32.9-2020-q2-update.linux64_1.5.0.202011040924/tools/bin/../lib/gcc/arm-none-eabi/9.3.1/../../../../arm-none-eabi/lib/thumb/v7e-m+dp/hard/crt0.o (__libc_init_array)
/opt/st/stm32cubeide_1.6.0/plugins/com.st.stm32cube.ide.mcu.externaltools.gnu-tools-for-stm32.9-2020-q2-update.linux64_1.5.0.202011040924/tools/bin/../lib/gcc/arm-none-eabi/9.3.1/../../../../arm-none-eabi/lib/thumb/v7e-m+dp/hard/libc_nano.a(lib_a-memset.o)
                              /opt/st/stm32cubeide_1.6.0/plugins/com.st.stm32cube.ide.mcu.externaltools.gnu-tools-for-stm32.9-2020-q2-update.linux64_1.5.0.202011040924/tools/bin/../lib/gcc/arm-none-eabi/9.3.1/../../../../arm-none-eabi/lib/thumb/v7e-m+dp/hard/crt0.o (memset)
/opt/st/stm32cubeide_1.6.0/plugins/com.st.stm32cube.ide.mcu.externaltools.gnu-tools-for-stm32.9-2020-q2-update.linux64_1.5.0.202011040924/tools/bin/../lib/gcc/arm-none-eabi/9.3.1/../../../../arm-none-eabi/lib/thumb/v7e-m+dp/hard/libc_nano.a(lib_a-nano-vfprintf_float.o)
                              (_printf_float)
/opt/st/stm32cubeide_1.6.0/plugins/com.st.stm32cube.ide.mcu.externaltools.gnu-tools-for-stm32.9-2020-q2-update.linux64_1.5.0.202011040924/tools/bin/../lib/gcc/arm-none-eabi/9.3.1/../../../../arm-none-eabi/lib/thumb/v7e-m+dp/hard/libc_nano.a(lib_a-nano-vfprintf_i.o)
                              /opt/st/stm32cubeide_1.6.0/plugins/com.st.stm32cube.ide.mcu.externaltools.gnu-tools-for-stm32.9-2020-q2-update.linux64_1.5.0.202011040924/tools/bin/../lib/gcc/arm-none-eabi/9.3.1/../../../../arm-none-eabi/lib/thumb/v7e-m+dp/hard/libc_nano.a(lib_a-nano-vfprintf_float.o) (_printf_common)
/opt/st/stm32cubeide_1.6.0/plugins/com.st.stm32cube.ide.mcu.externaltools.gnu-tools-for-stm32.9-2020-q2-update.linux64_1.5.0.202011040924/tools/bin/../lib/gcc/arm-none-eabi/9.3.1/../../../../arm-none-eabi/lib/thumb/v7e-m+dp/hard/libc_nano.a(lib_a-nano-vfscanf_float.o)
                              (_scanf_float)
/opt/st/stm32cubeide_1.6.0/plugins/com.st.stm32cube.ide.mcu.externaltools.gnu-tools-for-stm32.9-2020-q2-update.linux64_1.5.0.202011040924/tools/bin/../lib/gcc/arm-none-eabi/9.3.1/../../../../arm-none-eabi/lib/thumb/v7e-m+dp/hard/libc_nano.a(lib_a-sf_nan.o)
                              /opt/st/stm32cubeide_1.6.0/plugins/com.st.stm32cube.ide.mcu.externaltools.gnu-tools-for-stm32.9-2020-q2-update.linux64_1.5.0.202011040924/tools/bin/../lib/gcc/arm-none-eabi/9.3.1/../../../../arm-none-eabi/lib/thumb/v7e-m+dp/hard/libc_nano.a(lib_a-nano-vfscanf_float.o) (nanf)
/opt/st/stm32cubeide_1.6.0/plugins/com.st.stm32cube.ide.mcu.externaltools.gnu-tools-for-stm32.9-2020-q2-update.linux64_1.5.0.202011040924/tools/bin/../lib/gcc/arm-none-eabi/9.3.1/../../../../arm-none-eabi/lib/thumb/v7e-m+dp/hard/libc_nano.a(lib_a-sprintf.o)
                              /opt/st/stm32cubeide_1.6.0/plugins/com.st.stm32cube.ide.mcu.externaltools.gnu-tools-for-stm32.9-2020-q2-update.linux64_1.5.0.202011040924/tools/bin/../lib/gcc/arm-none-eabi/9.3.1/../../../../arm-none-eabi/lib/thumb/v7e-m+dp/hard/libc_nano.a(lib_a-nano-vfscanf_float.o) (sprintf)
[...]
Memory Configuration

Name             Origin             Length             Attributes
FLASH            0x0000000008020000 0x00000000001f0000 xr
RAM_MAIN         0x0000000024000000 0x000000000007fff0 xrw
RAM_D2           0x0000000030000000 0x0000000000048000 xrw
RAM_D3           0x0000000038000000 0x0000000000010000 xrw
DTCMRAM          0x0000000020000000 0x0000000000020000 xrw
ITCMRAM          0x0000000000000000 0x0000000000010000 xrw
EXTRAM           0x00000000d0000000 0x0000000000600000 xrw
EXTVRAM          0x00000000d0600000 0x0000000000100000 xrw
OS               0x00000000d0700000 0x0000000000100000 xrw
RAM_MAGIC        0x000000002407fff0 0x0000000000000010 xrw
*default*        0x0000000000000000 0xffffffffffffffff

Linker script and memory map

LOAD /opt/st/stm32cubeide_1.6.0/plugins/com.st.stm32cube.ide.mcu.externaltools.gnu-tools-for-stm32.9-2020-q2-update.linux64_1.5.0.202011040924/tools/bin/../lib/gcc/arm-none-eabi/9.3.1/thumb/v7e-m+dp/hard/crti.o
LOAD /opt/st/stm32cubeide_1.6.0/plugins/com.st.stm32cube.ide.mcu.externaltools.gnu-tools-for-stm32.9-2020-q2-update.linux64_1.5.0.202011040924/tools/bin/../lib/gcc/arm-none-eabi/9.3.1/thumb/v7e-m+dp/hard/crtbegin.o
LOAD /opt/st/stm32cubeide_1.6.0/plugins/com.st.stm32cube.ide.mcu.externaltools.gnu-tools-for-stm32.9-2020-q2-update.linux64_1.5.0.202011040924/tools/bin/../lib/gcc/arm-none-eabi/9.3.1/../../../../arm-none-eabi/lib/thumb/v7e-m+dp/hard/crt0.o
LOAD .metadata/.plugins/org.eclipse.cdt.make.core/specs.o
LOAD Core/Startup/startup_stm32h743iitx.o
LOAD Core/kernel/Drivers/STM32H7xx_HAL_Driver/Src/stm32h7xx_hal.o
LOAD Core/kernel/Drivers/STM32H7xx_HAL_Driver/Src/stm32h7xx_hal_adc.o
LOAD Core/kernel/Drivers/STM32H7xx_HAL_Driver/Src/stm32h7xx_hal_adc_ex.o
LOAD Core/kernel/Drivers/STM32H7xx_HAL_Driver/Src/stm32h7xx_hal_cortex.o
LOAD Core/kernel/Drivers/STM32H7xx_HAL_Driver/Src/stm32h7xx_hal_dac.o
LOAD Core/kernel/Drivers/STM32H7xx_HAL_Driver/Src/stm32h7xx_hal_dac_ex.o
LOAD Core/kernel/Drivers/STM32H7xx_HAL_Driver/Src/stm32h7xx_hal_dma.o
LOAD Core/kernel/Drivers/STM32H7xx_HAL_Driver/Src/stm32h7xx_hal_dma2d.o
LOAD Core/kernel/Drivers/STM32H7xx_HAL_Driver/Src/stm32h7xx_hal_dma_ex.o
LOAD Core/kernel/Drivers/STM32H7xx_HAL_Driver/Src/stm32h7xx_hal_exti.o
LOAD Core/kernel/Drivers/STM32H7xx_HAL_Driver/Src/stm32h7xx_hal_flash.o
LOAD Core/kernel/Drivers/STM32H7xx_HAL_Driver/Src/stm32h7xx_hal_flash_ex.o
LOAD Core/kernel/Drivers/STM32H7xx_HAL_Driver/Src/stm32h7xx_hal_gpio.o
LOAD Core/kernel/Drivers/STM32H7xx_HAL_Driver/Src/stm32h7xx_hal_hsem.o
LOAD Core/kernel/Drivers/STM32H7xx_HAL_Driver/Src/stm32h7xx_hal_i2c.o
LOAD Core/kernel/Drivers/STM32H7xx_HAL_Driver/Src/stm32h7xx_hal_i2c_ex.o
LOAD Core/kernel/Drivers/STM32H7xx_HAL_Driver/Src/stm32h7xx_hal_mdma.o
LOAD Core/kernel/Drivers/STM32H7xx_HAL_Driver/Src/stm32h7xx_hal_pcd.o
LOAD Core/kernel/Drivers/STM32H7xx_HAL_Driver/Src/stm32h7xx_hal_pcd_ex.o
LOAD Core/kernel/Drivers/STM32H7xx_HAL_Driver/Src/stm32h7xx_hal_pwr.o
LOAD Core/kernel/Drivers/STM32H7xx_HAL_Driver/Src/stm32h7xx_hal_pwr_ex.o
LOAD Core/kernel/Drivers/STM32H7xx_HAL_Driver/Src/stm32h7xx_hal_rcc.o
LOAD Core/kernel/Drivers/STM32H7xx_HAL_Driver/Src/stm32h7xx_hal_rcc_ex.o
LOAD Core/kernel/Drivers/STM32H7xx_HAL_Driver/Src/stm32h7xx_hal_sd.o
LOAD Core/kernel/Drivers/STM32H7xx_HAL_Driver/Src/stm32h7xx_hal_sd_ex.o
LOAD Core/kernel/Drivers/STM32H7xx_HAL_Driver/Src/stm32h7xx_hal_sdram.o
LOAD Core/kernel/Drivers/STM32H7xx_HAL_Driver/Src/stm32h7xx_hal_spi.o
LOAD Core/kernel/Drivers/STM32H7xx_HAL_Driver/Src/stm32h7xx_hal_spi_ex.o
LOAD Core/kernel/Drivers/STM32H7xx_HAL_Driver/Src/stm32h7xx_hal_sram.o
LOAD Core/kernel/Drivers/STM32H7xx_HAL_Driver/Src/stm32h7xx_hal_tim.o
LOAD Core/kernel/Drivers/STM32H7xx_HAL_Driver/Src/stm32h7xx_hal_tim_ex.o
LOAD Core/kernel/Drivers/STM32H7xx_HAL_Driver/Src/stm32h7xx_hal_uart.o
LOAD Core/kernel/Drivers/STM32H7xx_HAL_Driver/Src/stm32h7xx_hal_uart_ex.o
LOAD Core/kernel/Drivers/STM32H7xx_HAL_Driver/Src/stm32h7xx_ll_delayblock.o
LOAD Core/kernel/Drivers/STM32H7xx_HAL_Driver/Src/stm32h7xx_ll_fmc.o
LOAD Core/kernel/Drivers/STM32H7xx_HAL_Driver/Src/stm32h7xx_ll_sdmmc.o
LOAD Core/kernel/Drivers/STM32H7xx_HAL_Driver/Src/stm32h7xx_ll_usb.o
LOAD Core/kernel/Drivers/STM32_USB_Device_Library/Class/MSC/Src/usbd_msc.o
LOAD Core/kernel/Drivers/STM32_USB_Device_Library/Class/MSC/Src/usbd_msc_bot.o
LOAD Core/kernel/Drivers/STM32_USB_Device_Library/Class/MSC/Src/usbd_msc_data.o
LOAD Core/kernel/Drivers/STM32_USB_Device_Library/Class/MSC/Src/usbd_msc_scsi.o
LOAD Core/kernel/Drivers/STM32_USB_Device_Library/Core/Src/usbd_core.o
LOAD Core/kernel/Drivers/STM32_USB_Device_Library/Core/Src/usbd_ctlreq.o
LOAD Core/kernel/Drivers/STM32_USB_Device_Library/Core/Src/usbd_ioreq.o
LOAD Core/kernel/Drivers/USB/usb_device.o
LOAD Core/kernel/Drivers/USB/usbd_conf.o
LOAD Core/kernel/Drivers/USB/usbd_desc.o
LOAD Core/kernel/Drivers/USB/usbd_storage_if.o
LOAD Core/kernel/Drivers/dma.o
LOAD Core/kernel/Drivers/gpio.o
LOAD Core/kernel/Drivers/mcuconf.o
LOAD Core/kernel/Drivers/mdma.o
LOAD Core/kernel/Drivers/spi.o
LOAD Core/kernel/Drivers/stm32h7xx_hal_msp.o
LOAD Core/kernel/Drivers/stm32h7xx_it.o
LOAD Core/kernel/Drivers/syscalls.o
LOAD Core/kernel/Drivers/sysmem.o
LOAD Core/kernel/Drivers/system_stm32h7xx.o
LOAD Core/kernel/audio/adc.o
LOAD Core/kernel/audio/audio.o
LOAD Core/kernel/audio/dac.o
LOAD Core/kernel/display/dma2d.o
LOAD Core/kernel/display/lcd.o
LOAD Core/kernel/filesys/FatFs/diskio.o
LOAD Core/kernel/filesys/FatFs/ff.o
LOAD Core/kernel/filesys/FatFs/ff_gen_drv.o
LOAD Core/kernel/filesys/FatFs/option/ccsbcs.o
LOAD Core/kernel/filesys/FatFs/option/syscall.o
LOAD Core/kernel/filesys/bsp_driver_sd.o
LOAD Core/kernel/filesys/fatfs_platform.o
LOAD Core/kernel/filesys/filesys.o
LOAD Core/kernel/filesys/sd_diskio.o
LOAD Core/kernel/filesys/sdmmc.o
LOAD Core/kernel/interrupts.o
LOAD Core/kernel/watchdog.o
LOAD Core/kernel/joyport/joyport.o
LOAD Core/kernel/ram/extram.o
LOAD Core/kernel/ram/fmc.o
LOAD Core/kernel/timers/tim.o
LOAD Core/kernel/timers/timers.o
LOAD Core/kernel/uart/uart.o
LOAD Core/libs/graphics/gfx.o
LOAD Core/main.o
LOAD Core/os/cmd.o
LOAD Core/resources/images/testimgs.o
LOAD Core/resources/lang/en.o
LOAD Core/resources/lang/fr.o
LOAD Core/resources/lang/lang.o
START GROUP
LOAD /opt/st/stm32cubeide_1.6.0/plugins/com.st.stm32cube.ide.mcu.externaltools.gnu-tools-for-stm32.9-2020-q2-update.linux64_1.5.0.202011040924/tools/bin/../lib/gcc/arm-none-eabi/9.3.1/../../../../arm-none-eabi/lib/thumb/v7e-m+dp/hard/libc_nano.a
LOAD /opt/st/stm32cubeide_1.6.0/plugins/com.st.stm32cube.ide.mcu.externaltools.gnu-tools-for-stm32.9-2020-q2-update.linux64_1.5.0.202011040924/tools/bin/../lib/gcc/arm-none-eabi/9.3.1/../../../../arm-none-eabi/lib/thumb/v7e-m+dp/hard/libm.a
END GROUP
START GROUP
LOAD /opt/st/stm32cubeide_1.6.0/plugins/com.st.stm32cube.ide.mcu.externaltools.gnu-tools-for-stm32.9-2020-q2-update.linux64_1.5.0.202011040924/tools/bin/../lib/gcc/arm-none-eabi/9.3.1/thumb/v7e-m+dp/hard/libgcc.a
LOAD /opt/st/stm32cubeide_1.6.0/plugins/com.st.stm32cube.ide.mcu.externaltools.gnu-tools-for-stm32.9-2020-q2-update.linux64_1.5.0.202011040924/tools/bin/../lib/gcc/arm-none-eabi/9.3.1/../../../../arm-none-eabi/lib/thumb/v7e-m+dp/hard/libc_nano.a
END GROUP
START GROUP
LOAD /opt/st/stm32cubeide_1.6.0/plugins/com.st.stm32cube.ide.mcu.externaltools.gnu-tools-for-stm32.9-2020-q2-update.linux64_1.5.0.202011040924/tools/bin/../lib/gcc/arm-none-eabi/9.3.1/thumb/v7e-m+dp/hard/libgcc.a
LOAD /opt/st/stm32cubeide_1.6.0/plugins/com.st.stm32cube.ide.mcu.externaltools.gnu-tools-for-stm32.9-2020-q2-update.linux64_1.5.0.202011040924/tools/bin/../lib/gcc/arm-none-eabi/9.3.1/../../../../arm-none-eabi/lib/thumb/v7e-m+dp/hard/libc_nano.a
LOAD /opt/st/stm32cubeide_1.6.0/plugins/com.st.stm32cube.ide.mcu.externaltools.gnu-tools-for-stm32.9-2020-q2-update.linux64_1.5.0.202011040924/tools/bin/../lib/gcc/arm-none-eabi/9.3.1/../../../../arm-none-eabi/lib/thumb/v7e-m+dp/hard/libnosys.a
END GROUP
START GROUP
LOAD /opt/st/stm32cubeide_1.6.0/plugins/com.st.stm32cube.ide.mcu.externaltools.gnu-tools-for-stm32.9-2020-q2-update.linux64_1.5.0.202011040924/tools/bin/../lib/gcc/arm-none-eabi/9.3.1/thumb/v7e-m+dp/hard/libgcc.a
LOAD /opt/st/stm32cubeide_1.6.0/plugins/com.st.stm32cube.ide.mcu.externaltools.gnu-tools-for-stm32.9-2020-q2-update.linux64_1.5.0.202011040924/tools/bin/../lib/gcc/arm-none-eabi/9.3.1/../../../../arm-none-eabi/lib/thumb/v7e-m+dp/hard/libc_nano.a
LOAD /opt/st/stm32cubeide_1.6.0/plugins/com.st.stm32cube.ide.mcu.externaltools.gnu-tools-for-stm32.9-2020-q2-update.linux64_1.5.0.202011040924/tools/bin/../lib/gcc/arm-none-eabi/9.3.1/../../../../arm-none-eabi/lib/thumb/v7e-m+dp/hard/libnosys.a
END GROUP
LOAD /opt/st/stm32cubeide_1.6.0/plugins/com.st.stm32cube.ide.mcu.externaltools.gnu-tools-for-stm32.9-2020-q2-update.linux64_1.5.0.202011040924/tools/bin/../lib/gcc/arm-none-eabi/9.3.1/thumb/v7e-m+dp/hard/crtend.o
LOAD /opt/st/stm32cubeide_1.6.0/plugins/com.st.stm32cube.ide.mcu.externaltools.gnu-tools-for-stm32.9-2020-q2-update.linux64_1.5.0.202011040924/tools/bin/../lib/gcc/arm-none-eabi/9.3.1/thumb/v7e-m+dp/hard/crtn.o
                0x000000002407fff0                _estack = (ORIGIN (RAM_MAIN) + LENGTH (RAM_MAIN))
                0x0000000000000100                _Min_Heap_Size = 0x100
                0x0000000000000400                _Min_Stack_Size = 0x400
                0x000000002407fbf0                _sstack = (_estack - _Min_Stack_Size)

.RAMTC_data     0x0000000020000000        0x0
                0x0000000020000000                . = ALIGN (0x4)
 *(.RAMTC_data)
                0x0000000020000000                . = ALIGN (0x4)

.RAMTC_code     0x0000000020000000        0x0
                0x0000000020000000                . = ALIGN (0x4)
 *(.RAMTC_code)
                0x0000000020000000                . = ALIGN (0x4)

.ICMRAM         0x0000000000000000        0x0
                0x0000000000000000                . = ALIGN (0x1)
                0x0000000024000000                _sdata = .
 *(.ICMRAM)
 *(.ICMRAM*)
                0x0000000000000000                . = ALIGN (0x1)
                0x00000000240002c4                _edata = .

.RAMTC          0x0000000020000000        0x0
                0x0000000020000000                . = ALIGN (0x1)
                0x0000000024000000                _sdata = .
 *(.RAMTC)
 *(.RAMTC*)
                0x0000000020000000                //. = ALIGN (0x4)
 //*(.code_in_ram)
                0x0000000020000000                . = ALIGN (0x1)
                0x00000000240002c4                _edata = .

.CHIPRAM        0x00000000d0700000        0x0
                0x00000000d0700000                . = ALIGN (0x1)
                0x0000000024000000                _sdata = .
 *(.CHIPRAM)
 *(.CHIPRAM*)
                0x00000000d0700000                . = ALIGN (0x1)
                0x00000000240002c4                _edata = .

.FASTRAM        0x00000000d0000000        0x0
                0x00000000d0000000                . = ALIGN (0x1)
                0x0000000024000000                _sdata = .
 *(.FASTRAM)
 *(.FASTRAM*)
                0x00000000d0000000                . = ALIGN (0x1)
                0x00000000240002c4                _edata = .

.CRTRAM         0x0000000030000000        0x0
                0x0000000030000000                . = ALIGN (0x1)
                0x0000000024000000                _sdata = .
 *(.CRTRAM)
 *(.CRTRAM*)
                0x0000000030000000                . = ALIGN (0x1)
                0x00000000240002c4                _edata = .

.RAMDMA         0x0000000038000000     0x8000
                0x0000000038000000                . = ALIGN (0x1)
                0x0000000024000000                _sdata = .
 *(.RAMDMA)
 .RAMDMA        0x0000000038000000     0x8000 Core/kernel/audio/audio.o
                0x0000000038000000                dma_audio_out_l
                0x0000000038004000                dma_audio_out_r
 *(.RAMDMA*)
                0x0000000038008000                . = ALIGN (0x1)
                0x00000000240002c4                _edata = .

.isr_vector     0x0000000008020000      0x298
                0x0000000008020000                . = ALIGN (0x4)
 *(.isr_vector)
 .isr_vector    0x0000000008020000      0x298 Core/Startup/startup_stm32h743iitx.o
                0x0000000008020000                g_pfnVectors
                0x0000000008020298                . = ALIGN (0x4)

.text           0x00000000080202a0    0x187ec
                0x00000000080202a0                . = ALIGN (0x4)
 *(.text)
 .text          0x00000000080202a0       0x40 /opt/st/stm32cubeide_1.6.0/plugins/com.st.stm32cube.ide.mcu.externaltools.gnu-tools-for-stm32.9-2020-q2-update.linux64_1.5.0.202011040924/tools/bin/../lib/gcc/arm-none-eabi/9.3.1/thumb/v7e-m+dp/hard/crtbegin.o
 .text          0x00000000080202e0       0x14 /opt/st/stm32cubeide_1.6.0/plugins/com.st.stm32cube.ide.mcu.externaltools.gnu-tools-for-stm32.9-2020-q2-update.linux64_1.5.0.202011040924/tools/bin/../lib/gcc/arm-none-eabi/9.3.1/../../../../arm-none-eabi/lib/thumb/v7e-m+dp/hard/libc_nano.a(lib_a-strcmp.o)
                0x00000000080202e0                strcmp
 .text          0x00000000080202f4       0x10 /opt/st/stm32cubeide_1.6.0/plugins/com.st.stm32cube.ide.mcu.externaltools.gnu-tools-for-stm32.9-2020-q2-update.linux64_1.5.0.202011040924/tools/bin/../lib/gcc/arm-none-eabi/9.3.1/../../../../arm-none-eabi/lib/thumb/v7e-m+dp/hard/libc_nano.a(lib_a-strlen.o)
                0x00000000080202f4                strlen
 *fill*         0x0000000008020304        0xc 
 .text          0x0000000008020310       0xa0 /opt/st/stm32cubeide_1.6.0/plugins/com.st.stm32cube.ide.mcu.externaltools.gnu-tools-for-stm32.9-2020-q2-update.linux64_1.5.0.202011040924/tools/bin/../lib/gcc/arm-none-eabi/9.3.1/../../../../arm-none-eabi/lib/thumb/v7e-m+dp/hard/libc_nano.a(lib_a-memchr.o)
                0x0000000008020310                memchr
 .text          0x00000000080203b0      0x378 /opt/st/stm32cubeide_1.6.0/plugins/com.st.stm32cube.ide.mcu.externaltools.gnu-tools-for-stm32.9-2020-q2-update.linux64_1.5.0.202011040924/tools/bin/../lib/gcc/arm-none-eabi/9.3.1/thumb/v7e-m+dp/hard/libgcc.a(_arm_addsubdf3.o)
                0x00000000080203b0                __aeabi_drsub
                0x00000000080203b8                __aeabi_dsub
                0x00000000080203b8                __subdf3
                0x00000000080203bc                __adddf3
                0x00000000080203bc                __aeabi_dadd
                0x0000000008020634                __aeabi_ui2d
                0x0000000008020634                __floatunsidf
                0x0000000008020654                __floatsidf
                0x0000000008020654                __aeabi_i2d
                0x0000000008020678                __extendsfdf2
                0x0000000008020678                __aeabi_f2d
                0x00000000080206bc                __aeabi_ul2d
                0x00000000080206bc                __floatundidf
                0x00000000080206cc                __floatdidf
                0x00000000080206cc                __aeabi_l2d
 .text          0x0000000008020728       0x30 /opt/st/stm32cubeide_1.6.0/plugins/com.st.stm32cube.ide.mcu.externaltools.gnu-tools-for-stm32.9-2020-q2-update.linux64_1.5.0.202011040924/tools/bin/../lib/gcc/arm-none-eabi/9.3.1/thumb/v7e-m+dp/hard/libgcc.a(_aeabi_uldivmod.o)
                0x0000000008020728                __aeabi_uldivmod
 .text          0x0000000008020758       0x30 /opt/st/stm32cubeide_1.6.0/plugins/com.st.stm32cube.ide.mcu.externaltools.gnu-tools-for-stm32.9-2020-q2-update.linux64_1.5.0.202011040924/tools/bin/../lib/gcc/arm-none-eabi/9.3.1/thumb/v7e-m+dp/hard/libgcc.a(_fixdfdi.o)
                0x0000000008020758                __aeabi_d2lz
                0x0000000008020758                __fixdfdi
 .text          0x0000000008020788       0x40 /opt/st/stm32cubeide_1.6.0/plugins/com.st.stm32cube.ide.mcu.externaltools.gnu-tools-for-stm32.9-2020-q2-update.linux64_1.5.0.202011040924/tools/bin/../lib/gcc/arm-none-eabi/9.3.1/thumb/v7e-m+dp/hard/libgcc.a(_fixunsdfdi.o)
                0x0000000008020788                __aeabi_d2ulz
                0x0000000008020788                __fixunsdfdi
 .text          0x00000000080207c8      0x2c4 /opt/st/stm32cubeide_1.6.0/plugins/com.st.stm32cube.ide.mcu.externaltools.gnu-tools-for-stm32.9-2020-q2-update.linux64_1.5.0.202011040924/tools/bin/../lib/gcc/arm-none-eabi/9.3.1/thumb/v7e-m+dp/hard/libgcc.a(_udivmoddi4.o)
                0x00000000080207c8                __udivmoddi4
 .text          0x0000000008020a8c        0x4 /opt/st/stm32cubeide_1.6.0/plugins/com.st.stm32cube.ide.mcu.externaltools.gnu-tools-for-stm32.9-2020-q2-update.linux64_1.5.0.202011040924/tools/bin/../lib/gcc/arm-none-eabi/9.3.1/thumb/v7e-m+dp/hard/libgcc.a(_dvmd_tls.o)
                0x0000000008020a8c                __aeabi_ldiv0
                0x0000000008020a8c                __aeabi_idiv0
 *(.text*)
 .text.Reset_Handler
                0x0000000008020a90       0x50 Core/Startup/startup_stm32h743iitx.o
                0x0000000008020a90                Reset_Handler
 .text.Default_Handler
                0x0000000008020ae0        0x2 Core/Startup/startup_stm32h743iitx.o
                0x0000000008020ae0                RTC_Alarm_IRQHandler
                0x0000000008020ae0                EXTI2_IRQHandler
                0x0000000008020ae0                TIM8_CC_IRQHandler
                0x0000000008020ae0                HRTIM1_Master_IRQHandler
                0x0000000008020ae0                UART8_IRQHandler
                0x0000000008020ae0                TIM1_CC_IRQHandler
                0x0000000008020ae0                BDMA_Channel6_IRQHandler
                0x0000000008020ae0                DMA2_Stream5_IRQHandler
                0x0000000008020ae0                HRTIM1_FLT_IRQHandler
                0x0000000008020ae0                JPEG_IRQHandler
                0x0000000008020ae0                DMA1_Stream5_IRQHandler
                0x0000000008020ae0                BDMA_Channel1_IRQHandler
                0x0000000008020ae0                HRTIM1_TIMD_IRQHandler
                0x0000000008020ae0                TAMP_STAMP_IRQHandler
                0x0000000008020ae0                EXTI3_IRQHandler
                0x0000000008020ae0                LPTIM4_IRQHandler
                0x0000000008020ae0                TIM8_TRG_COM_TIM14_IRQHandler
                0x0000000008020ae0                LPTIM2_IRQHandler
                0x0000000008020ae0                DFSDM1_FLT1_IRQHandler
                0x0000000008020ae0                DMAMUX2_OVR_IRQHandler
                0x0000000008020ae0                TIM8_UP_TIM13_IRQHandler
                0x0000000008020ae0                I2C3_ER_IRQHandler
                0x0000000008020ae0                DFSDM1_FLT2_IRQHandler
                0x0000000008020ae0                MDMA_IRQHandler
                0x0000000008020ae0                LPTIM3_IRQHandler
                0x0000000008020ae0                HSEM1_IRQHandler
                0x0000000008020ae0                EXTI0_IRQHandler
                0x0000000008020ae0                I2C2_EV_IRQHandler
                0x0000000008020ae0                FPU_IRQHandler
                0x0000000008020ae0                OTG_HS_WKUP_IRQHandler
                0x0000000008020ae0                FDCAN1_IT1_IRQHandler
                0x0000000008020ae0                LTDC_ER_IRQHandler
                0x0000000008020ae0                HRTIM1_TIME_IRQHandler
                0x0000000008020ae0                DCMI_IRQHandler
                0x0000000008020ae0                HRTIM1_TIMC_IRQHandler
                0x0000000008020ae0                SAI2_IRQHandler
                0x0000000008020ae0                DFSDM1_FLT3_IRQHandler
                0x0000000008020ae0                USART6_IRQHandler
                0x0000000008020ae0                TIM17_IRQHandler
                0x0000000008020ae0                USART3_IRQHandler
                0x0000000008020ae0                BDMA_Channel7_IRQHandler
                0x0000000008020ae0                LPTIM5_IRQHandler
                0x0000000008020ae0                UART5_IRQHandler
                0x0000000008020ae0                ADC3_IRQHandler
                0x0000000008020ae0                TIM4_IRQHandler
                0x0000000008020ae0                BDMA_Channel2_IRQHandler
                0x0000000008020ae0                QUADSPI_IRQHandler
                0x0000000008020ae0                I2C1_EV_IRQHandler
                0x0000000008020ae0                DMA1_Stream6_IRQHandler
                0x0000000008020ae0                DMAMUX1_OVR_IRQHandler
                0x0000000008020ae0                DMA1_Stream1_IRQHandler
                0x0000000008020ae0                TIM16_IRQHandler
                0x0000000008020ae0                UART4_IRQHandler
                0x0000000008020ae0                BDMA_Channel5_IRQHandler
                0x0000000008020ae0                TIM3_IRQHandler
                0x0000000008020ae0                RCC_IRQHandler
                0x0000000008020ae0                TIM8_BRK_TIM12_IRQHandler
                0x0000000008020ae0                TIM1_TRG_COM_IRQHandler
                0x0000000008020ae0                Default_Handler
                0x0000000008020ae0                ECC_IRQHandler
                0x0000000008020ae0                CEC_IRQHandler
                0x0000000008020ae0                BDMA_Channel0_IRQHandler
                0x0000000008020ae0                ADC_IRQHandler
                0x0000000008020ae0                DMA1_Stream7_IRQHandler
                0x0000000008020ae0                HRTIM1_TIMA_IRQHandler
                0x0000000008020ae0                SDMMC1_IRQHandler
                0x0000000008020ae0                DMA2_Stream7_IRQHandler
                0x0000000008020ae0                TIM15_IRQHandler
                0x0000000008020ae0                PVD_AVD_IRQHandler
                0x0000000008020ae0                I2C3_EV_IRQHandler
                0x0000000008020ae0                RTC_WKUP_IRQHandler
                0x0000000008020ae0                LTDC_IRQHandler
                0x0000000008020ae0                SAI3_IRQHandler
                0x0000000008020ae0                ETH_WKUP_IRQHandler
                0x0000000008020ae0                SPDIF_RX_IRQHandler
                0x0000000008020ae0                OTG_HS_EP1_IN_IRQHandler
                0x0000000008020ae0                DMA1_Stream0_IRQHandler
                0x0000000008020ae0                CRS_IRQHandler
                0x0000000008020ae0                RNG_IRQHandler
                0x0000000008020ae0                HRTIM1_TIMB_IRQHandler
                0x0000000008020ae0                FDCAN2_IT1_IRQHandler
                0x0000000008020ae0                ETH_IRQHandler
                0x0000000008020ae0                TIM1_UP_IRQHandler
                0x0000000008020ae0                BDMA_Channel4_IRQHandler
                0x0000000008020ae0                OTG_HS_EP1_OUT_IRQHandler
                0x0000000008020ae0                WWDG_IRQHandler
                0x0000000008020ae0                SPI6_IRQHandler
                0x0000000008020ae0                MDIOS_IRQHandler
                0x0000000008020ae0                I2C4_EV_IRQHandler
                0x0000000008020ae0                FDCAN2_IT0_IRQHandler
                0x0000000008020ae0                LPUART1_IRQHandler
                0x0000000008020ae0                FDCAN1_IT0_IRQHandler
                0x0000000008020ae0                OTG_FS_WKUP_IRQHandler
                0x0000000008020ae0                OTG_HS_IRQHandler
                0x0000000008020ae0                TIM1_BRK_IRQHandler
                0x0000000008020ae0                EXTI1_IRQHandler
                0x0000000008020ae0                SDMMC2_IRQHandler
                0x0000000008020ae0                OTG_FS_EP1_OUT_IRQHandler
                0x0000000008020ae0                BDMA_Channel3_IRQHandler
                0x0000000008020ae0                UART7_IRQHandler
                0x0000000008020ae0                MDIOS_WKUP_IRQHandler
                0x0000000008020ae0                USART2_IRQHandler
                0x0000000008020ae0                DFSDM1_FLT0_IRQHandler
                0x0000000008020ae0                SAI4_IRQHandler
                0x0000000008020ae0                I2C2_ER_IRQHandler
                0x0000000008020ae0                FLASH_IRQHandler
                0x0000000008020ae0                WAKEUP_PIN_IRQHandler
                0x0000000008020ae0                OTG_FS_EP1_IN_IRQHandler
                0x0000000008020ae0                I2C1_ER_IRQHandler
                0x0000000008020ae0                FMC_IRQHandler
                0x0000000008020ae0                FDCAN_CAL_IRQHandler
                0x0000000008020ae0                SWPMI1_IRQHandler
                0x0000000008020ae0                COMP1_IRQHandler
                0x0000000008020ae0                LPTIM1_IRQHandler
                0x0000000008020ae0                I2C4_ER_IRQHandler
                0x0000000008020ae0                DMA2_Stream6_IRQHandler
                0x0000000008020ae0                SAI1_IRQHandler
                0x0000000008020ae0                DMA1_Stream3_IRQHandler
 *fill*         0x0000000008020ae2        0x2 
 .text.HAL_InitTick
                0x0000000008020ae4       0x48 Core/kernel/Drivers/STM32H7xx_HAL_Driver/Src/stm32h7xx_hal.o
                0x0000000008020ae4                HAL_InitTick
 .text.HAL_Init
                0x0000000008020b2c       0x68 Core/kernel/Drivers/STM32H7xx_HAL_Driver/Src/stm32h7xx_hal.o
                0x0000000008020b2c                HAL_Init
 .text.HAL_IncTick
                0x0000000008020b94       0x1c Core/kernel/Drivers/STM32H7xx_HAL_Driver/Src/stm32h7xx_hal.o
                0x0000000008020b94                HAL_IncTick
 .text.HAL_GetTick
                0x0000000008020bb0        0xc Core/kernel/Drivers/STM32H7xx_HAL_Driver/Src/stm32h7xx_hal.o
                0x0000000008020bb0                HAL_GetTick
 .text.HAL_Delay
                0x0000000008020bbc       0x28 Core/kernel/Drivers/STM32H7xx_HAL_Driver/Src/stm32h7xx_hal.o
                0x0000000008020bbc                HAL_Delay
 .text.HAL_GetREVID
                0x0000000008020be4       0x10 Core/kernel/Drivers/STM32H7xx_HAL_Driver/Src/stm32h7xx_hal.o
                0x0000000008020be4                HAL_GetREVID
 .text.HAL_SYSCFG_VREFBUF_HighImpedanceConfig
                0x0000000008020bf4       0x14 Core/kernel/Drivers/STM32H7xx_HAL_Driver/Src/stm32h7xx_hal.o
                0x0000000008020bf4                HAL_SYSCFG_VREFBUF_HighImpedanceConfig
 .text.HAL_SYSCFG_DisableVREFBUF
                0x0000000008020c08       0x14 Core/kernel/Drivers/STM32H7xx_HAL_Driver/Src/stm32h7xx_hal.o
                0x0000000008020c08                HAL_SYSCFG_DisableVREFBUF
 .text.HAL_ADC_PollForConversion
                0x0000000008020c1c      0x128 Core/kernel/Drivers/STM32H7xx_HAL_Driver/Src/stm32h7xx_hal_adc.o
                0x0000000008020c1c                HAL_ADC_PollForConversion
 .text.HAL_ADC_GetValue
                0x0000000008020d44        0x8 Core/kernel/Drivers/STM32H7xx_HAL_Driver/Src/stm32h7xx_hal_adc.o
                0x0000000008020d44                HAL_ADC_GetValue
 .text.ADC_Enable
                0x0000000008020d4c       0xc0 Core/kernel/Drivers/STM32H7xx_HAL_Driver/Src/stm32h7xx_hal_adc.o
                0x0000000008020d4c                ADC_Enable
 .text.HAL_ADC_Start
                0x0000000008020e0c      0x114 Core/kernel/Drivers/STM32H7xx_HAL_Driver/Src/stm32h7xx_hal_adc.o
                0x0000000008020e0c                HAL_ADC_Start
 .text.HAL_NVIC_SetPriorityGrouping
                0x0000000008020f20       0x2c Core/kernel/Drivers/STM32H7xx_HAL_Driver/Src/stm32h7xx_hal_cortex.o
                0x0000000008020f20                HAL_NVIC_SetPriorityGrouping
 .text.HAL_NVIC_SetPriority
                0x0000000008020f4c       0x78 Core/kernel/Drivers/STM32H7xx_HAL_Driver/Src/stm32h7xx_hal_cortex.o
                0x0000000008020f4c                HAL_NVIC_SetPriority
 .text.HAL_NVIC_EnableIRQ
                0x0000000008020fc4       0x1c Core/kernel/Drivers/STM32H7xx_HAL_Driver/Src/stm32h7xx_hal_cortex.o
                0x0000000008020fc4                HAL_NVIC_EnableIRQ
 .text.HAL_SYSTICK_Config
                0x0000000008020fe0       0x34 Core/kernel/Drivers/STM32H7xx_HAL_Driver/Src/stm32h7xx_hal_cortex.o
                0x0000000008020fe0                HAL_SYSTICK_Config
 .text.HAL_MPU_Disable
                0x0000000008021014       0x24 Core/kernel/Drivers/STM32H7xx_HAL_Driver/Src/stm32h7xx_hal_cortex.o
                0x0000000008021014                HAL_MPU_Disable
 .text.HAL_MPU_Enable
                0x0000000008021038       0x28 Core/kernel/Drivers/STM32H7xx_HAL_Driver/Src/stm32h7xx_hal_cortex.o
                0x0000000008021038                HAL_MPU_Enable
 .text.HAL_MPU_ConfigRegion
                0x0000000008021060       0x54 Core/kernel/Drivers/STM32H7xx_HAL_Driver/Src/stm32h7xx_hal_cortex.o
                0x0000000008021060                HAL_MPU_ConfigRegion
 .text.HAL_DAC_Init
                0x00000000080210b4       0x2c Core/kernel/Drivers/STM32H7xx_HAL_Driver/Src/stm32h7xx_hal_dac.o
                0x00000000080210b4                HAL_DAC_Init
 .text.HAL_DAC_Start_DMA
                0x00000000080210e0      0x120 Core/kernel/Drivers/STM32H7xx_HAL_Driver/Src/stm32h7xx_hal_dac.o
                0x00000000080210e0                HAL_DAC_Start_DMA
 .text.HAL_DAC_SetValue
                0x0000000008021200       0x30 Core/kernel/Drivers/STM32H7xx_HAL_Driver/Src/stm32h7xx_hal_dac.o
                0x0000000008021200                HAL_DAC_SetValue
 .text.DAC_DMAConvCpltCh1
                0x0000000008021230       0x10 Core/kernel/Drivers/STM32H7xx_HAL_Driver/Src/stm32h7xx_hal_dac.o
                0x0000000008021230                DAC_DMAConvCpltCh1
 .text.DAC_DMAHalfConvCpltCh1
                0x0000000008021240        0xc Core/kernel/Drivers/STM32H7xx_HAL_Driver/Src/stm32h7xx_hal_dac.o
                0x0000000008021240                DAC_DMAHalfConvCpltCh1
 .text.HAL_DAC_ErrorCallbackCh1
                0x000000000802124c        0x4 Core/kernel/Drivers/STM32H7xx_HAL_Driver/Src/stm32h7xx_hal_dac.o
                0x000000000802124c                HAL_DAC_ErrorCallbackCh1
 .text.DAC_DMAErrorCh1
                0x0000000008021250       0x18 Core/kernel/Drivers/STM32H7xx_HAL_Driver/Src/stm32h7xx_hal_dac.o
                0x0000000008021250                DAC_DMAErrorCh1
 .text.HAL_DAC_DMAUnderrunCallbackCh1
                0x0000000008021268        0x4 Core/kernel/Drivers/STM32H7xx_HAL_Driver/Src/stm32h7xx_hal_dac.o
                0x0000000008021268                HAL_DAC_DMAUnderrunCallbackCh1
 .text.HAL_DAC_IRQHandler
                0x000000000802126c       0x68 Core/kernel/Drivers/STM32H7xx_HAL_Driver/Src/stm32h7xx_hal_dac.o
                0x000000000802126c                HAL_DAC_IRQHandler
 .text.HAL_DAC_ConfigChannel
                0x00000000080212d4      0x154 Core/kernel/Drivers/STM32H7xx_HAL_Driver/Src/stm32h7xx_hal_dac.o
                0x00000000080212d4                HAL_DAC_ConfigChannel
 .text.HAL_DACEx_ConvCpltCallbackCh2
                0x0000000008021428        0x4 Core/kernel/Drivers/STM32H7xx_HAL_Driver/Src/stm32h7xx_hal_dac_ex.o
                0x0000000008021428                HAL_DACEx_ConvCpltCallbackCh2
 .text.DAC_DMAConvCpltCh2
                0x000000000802142c       0x10 Core/kernel/Drivers/STM32H7xx_HAL_Driver/Src/stm32h7xx_hal_dac_ex.o
                0x000000000802142c                DAC_DMAConvCpltCh2
 .text.HAL_DACEx_ConvHalfCpltCallbackCh2
                0x000000000802143c        0x4 Core/kernel/Drivers/STM32H7xx_HAL_Driver/Src/stm32h7xx_hal_dac_ex.o
                0x000000000802143c                HAL_DACEx_ConvHalfCpltCallbackCh2
 .text.DAC_DMAHalfConvCpltCh2
                0x0000000008021440        0xc Core/kernel/Drivers/STM32H7xx_HAL_Driver/Src/stm32h7xx_hal_dac_ex.o
                0x0000000008021440                DAC_DMAHalfConvCpltCh2
 .text.HAL_DACEx_ErrorCallbackCh2
                0x000000000802144c        0x4 Core/kernel/Drivers/STM32H7xx_HAL_Driver/Src/stm32h7xx_hal_dac_ex.o
                0x000000000802144c                HAL_DACEx_ErrorCallbackCh2
 .text.DAC_DMAErrorCh2
                0x0000000008021450       0x18 Core/kernel/Drivers/STM32H7xx_HAL_Driver/Src/stm32h7xx_hal_dac_ex.o
                0x0000000008021450                DAC_DMAErrorCh2
 .text.HAL_DACEx_DMAUnderrunCallbackCh2
                0x0000000008021468        0x4 Core/kernel/Drivers/STM32H7xx_HAL_Driver/Src/stm32h7xx_hal_dac_ex.o
                0x0000000008021468                HAL_DACEx_DMAUnderrunCallbackCh2
 .text.DMA_CalcBaseAndBitshift
                0x000000000802146c      0x134 Core/kernel/Drivers/STM32H7xx_HAL_Driver/Src/stm32h7xx_hal_dma.o
 .text.DMA_CalcDMAMUXChannelBaseAndMask
                0x00000000080215a0      0x100 Core/kernel/Drivers/STM32H7xx_HAL_Driver/Src/stm32h7xx_hal_dma.o
 .text.HAL_DMA_Init
                0x00000000080216a0      0x5f8 Core/kernel/Drivers/STM32H7xx_HAL_Driver/Src/stm32h7xx_hal_dma.o
                0x00000000080216a0                HAL_DMA_Init
 .text.HAL_DMA_Start_IT
                0x0000000008021c98      0x3f0 Core/kernel/Drivers/STM32H7xx_HAL_Driver/Src/stm32h7xx_hal_dma.o
                0x0000000008021c98                HAL_DMA_Start_IT
 .text.HAL_DMA_Abort
                0x0000000008022088      0x3b0 Core/kernel/Drivers/STM32H7xx_HAL_Driver/Src/stm32h7xx_hal_dma.o
                0x0000000008022088                HAL_DMA_Abort
 .text.HAL_DMA_Abort_IT
                0x0000000008022438      0x1ec Core/kernel/Drivers/STM32H7xx_HAL_Driver/Src/stm32h7xx_hal_dma.o
                0x0000000008022438                HAL_DMA_Abort_IT
 .text.HAL_DMA_IRQHandler
                0x0000000008022624      0x810 Core/kernel/Drivers/STM32H7xx_HAL_Driver/Src/stm32h7xx_hal_dma.o
                0x0000000008022624                HAL_DMA_IRQHandler
 .text.DMA2D_SetConfig
                0x0000000008022e34       0x98 Core/kernel/Drivers/STM32H7xx_HAL_Driver/Src/stm32h7xx_hal_dma2d.o
 .text.HAL_DMA2D_CLUTLoadingCpltCallback
                0x0000000008022ecc        0x4 Core/kernel/Drivers/STM32H7xx_HAL_Driver/Src/stm32h7xx_hal_dma2d.o
                0x0000000008022ecc                HAL_DMA2D_CLUTLoadingCpltCallback
 .text.HAL_DMA2D_LineEventCallback
                0x0000000008022ed0        0x4 Core/kernel/Drivers/STM32H7xx_HAL_Driver/Src/stm32h7xx_hal_dma2d.o
                0x0000000008022ed0                HAL_DMA2D_LineEventCallback
 .text.HAL_DMA2D_Init
                0x0000000008022ed4       0xa4 Core/kernel/Drivers/STM32H7xx_HAL_Driver/Src/stm32h7xx_hal_dma2d.o
                0x0000000008022ed4                HAL_DMA2D_Init
 .text.HAL_DMA2D_RegisterCallback
                0x0000000008022f78       0xa4 Core/kernel/Drivers/STM32H7xx_HAL_Driver/Src/stm32h7xx_hal_dma2d.o
                0x0000000008022f78                HAL_DMA2D_RegisterCallback
 .text.HAL_DMA2D_BlendingStart_IT
                0x000000000802301c       0xf8 Core/kernel/Drivers/STM32H7xx_HAL_Driver/Src/stm32h7xx_hal_dma2d.o
                0x000000000802301c                HAL_DMA2D_BlendingStart_IT
 .text.HAL_DMA2D_EnableCLUT
                0x0000000008023114       0x34 Core/kernel/Drivers/STM32H7xx_HAL_Driver/Src/stm32h7xx_hal_dma2d.o
                0x0000000008023114                HAL_DMA2D_EnableCLUT
 .text.HAL_DMA2D_CLUTLoad
                0x0000000008023148       0x80 Core/kernel/Drivers/STM32H7xx_HAL_Driver/Src/stm32h7xx_hal_dma2d.o
                0x0000000008023148                HAL_DMA2D_CLUTLoad
 .text.HAL_DMA2D_CLUTLoad_IT
                0x00000000080231c8       0x90 Core/kernel/Drivers/STM32H7xx_HAL_Driver/Src/stm32h7xx_hal_dma2d.o
                0x00000000080231c8                HAL_DMA2D_CLUTLoad_IT
 .text.HAL_DMA2D_PollForTransfer
                0x0000000008023258      0x12c Core/kernel/Drivers/STM32H7xx_HAL_Driver/Src/stm32h7xx_hal_dma2d.o
                0x0000000008023258                HAL_DMA2D_PollForTransfer
 .text.HAL_DMA2D_IRQHandler
                0x0000000008023384      0x134 Core/kernel/Drivers/STM32H7xx_HAL_Driver/Src/stm32h7xx_hal_dma2d.o
                0x0000000008023384                HAL_DMA2D_IRQHandler
 .text.HAL_DMA2D_ConfigLayer
                0x00000000080234b8       0xf0 Core/kernel/Drivers/STM32H7xx_HAL_Driver/Src/stm32h7xx_hal_dma2d.o
                0x00000000080234b8                HAL_DMA2D_ConfigLayer
 .text.HAL_GPIO_Init
                0x00000000080235a8      0x294 Core/kernel/Drivers/STM32H7xx_HAL_Driver/Src/stm32h7xx_hal_gpio.o
                0x00000000080235a8                HAL_GPIO_Init
 .text.HAL_GPIO_DeInit
                0x000000000802383c      0x194 Core/kernel/Drivers/STM32H7xx_HAL_Driver/Src/stm32h7xx_hal_gpio.o
                0x000000000802383c                HAL_GPIO_DeInit
 .text.HAL_GPIO_ReadPin
                0x00000000080239d0        0xc Core/kernel/Drivers/STM32H7xx_HAL_Driver/Src/stm32h7xx_hal_gpio.o
                0x00000000080239d0                HAL_GPIO_ReadPin
 .text.HAL_GPIO_WritePin
                0x00000000080239dc        0x8 Core/kernel/Drivers/STM32H7xx_HAL_Driver/Src/stm32h7xx_hal_gpio.o
                0x00000000080239dc                HAL_GPIO_WritePin
 .text.HAL_GPIO_EXTI_IRQHandler
                0x00000000080239e4       0x1c Core/kernel/Drivers/STM32H7xx_HAL_Driver/Src/stm32h7xx_hal_gpio.o
                0x00000000080239e4                HAL_GPIO_EXTI_IRQHandler
 .text.HAL_PCD_IRQHandler
                0x0000000008023a00      0x664 Core/kernel/Drivers/STM32H7xx_HAL_Driver/Src/stm32h7xx_hal_pcd.o
                0x0000000008023a00                HAL_PCD_IRQHandler
 .text.HAL_PCD_SetAddress
                0x0000000008024064       0x28 Core/kernel/Drivers/STM32H7xx_HAL_Driver/Src/stm32h7xx_hal_pcd.o
                0x0000000008024064                HAL_PCD_SetAddress
 .text.HAL_PCD_EP_Open
                0x000000000802408c       0x74 Core/kernel/Drivers/STM32H7xx_HAL_Driver/Src/stm32h7xx_hal_pcd.o
                0x000000000802408c                HAL_PCD_EP_Open
 .text.HAL_PCD_EP_Receive
                0x0000000008024100       0x50 Core/kernel/Drivers/STM32H7xx_HAL_Driver/Src/stm32h7xx_hal_pcd.o
                0x0000000008024100                HAL_PCD_EP_Receive
 .text.HAL_PCD_EP_Transmit
                0x0000000008024150       0x48 Core/kernel/Drivers/STM32H7xx_HAL_Driver/Src/stm32h7xx_hal_pcd.o
                0x0000000008024150                HAL_PCD_EP_Transmit
 .text.HAL_PCD_EP_SetStall
                0x0000000008024198       0x88 Core/kernel/Drivers/STM32H7xx_HAL_Driver/Src/stm32h7xx_hal_pcd.o
                0x0000000008024198                HAL_PCD_EP_SetStall
 .text.HAL_PCD_EP_ClrStall
                0x0000000008024220       0x78 Core/kernel/Drivers/STM32H7xx_HAL_Driver/Src/stm32h7xx_hal_pcd.o
                0x0000000008024220                HAL_PCD_EP_ClrStall
 .text.HAL_PCDEx_LPM_Callback
                0x0000000008024298        0x4 Core/kernel/Drivers/STM32H7xx_HAL_Driver/Src/stm32h7xx_hal_pcd_ex.o
                0x0000000008024298                HAL_PCDEx_LPM_Callback
 .text.HAL_PWR_EnableBkUpAccess
                0x000000000802429c       0x14 Core/kernel/Drivers/STM32H7xx_HAL_Driver/Src/stm32h7xx_hal_pwr.o
                0x000000000802429c                HAL_PWR_EnableBkUpAccess
 .text.HAL_PWREx_ConfigSupply
                0x00000000080242b0       0x4c Core/kernel/Drivers/STM32H7xx_HAL_Driver/Src/stm32h7xx_hal_pwr_ex.o
                0x00000000080242b0                HAL_PWREx_ConfigSupply
 .text.HAL_RCC_GetSysClockFreq.part.0
                0x00000000080242fc      0x128 Core/kernel/Drivers/STM32H7xx_HAL_Driver/Src/stm32h7xx_hal_rcc.o
 .text.HAL_RCC_OscConfig
                0x0000000008024424      0x69c Core/kernel/Drivers/STM32H7xx_HAL_Driver/Src/stm32h7xx_hal_rcc.o
                0x0000000008024424                HAL_RCC_OscConfig
 .text.HAL_RCC_GetSysClockFreq
                0x0000000008024ac0      0x178 Core/kernel/Drivers/STM32H7xx_HAL_Driver/Src/stm32h7xx_hal_rcc.o
                0x0000000008024ac0                HAL_RCC_GetSysClockFreq
 .text.HAL_RCC_ClockConfig
                0x0000000008024c38      0x2b0 Core/kernel/Drivers/STM32H7xx_HAL_Driver/Src/stm32h7xx_hal_rcc.o
                0x0000000008024c38                HAL_RCC_ClockConfig
 .text.HAL_RCC_GetHCLKFreq
                0x0000000008024ee8       0x9c Core/kernel/Drivers/STM32H7xx_HAL_Driver/Src/stm32h7xx_hal_rcc.o
                0x0000000008024ee8                HAL_RCC_GetHCLKFreq
 .text.HAL_RCC_GetPCLK1Freq
                0x0000000008024f84       0xa8 Core/kernel/Drivers/STM32H7xx_HAL_Driver/Src/stm32h7xx_hal_rcc.o
                0x0000000008024f84                HAL_RCC_GetPCLK1Freq
 .text.HAL_RCC_GetPCLK2Freq
                0x000000000802502c       0xa8 Core/kernel/Drivers/STM32H7xx_HAL_Driver/Src/stm32h7xx_hal_rcc.o
                0x000000000802502c                HAL_RCC_GetPCLK2Freq
 .text.RCCEx_PLL2_Config
                0x00000000080250d4      0x100 Core/kernel/Drivers/STM32H7xx_HAL_Driver/Src/stm32h7xx_hal_rcc_ex.o
 .text.RCCEx_PLL3_Config
                0x00000000080251d4      0x100 Core/kernel/Drivers/STM32H7xx_HAL_Driver/Src/stm32h7xx_hal_rcc_ex.o
 .text.HAL_RCCEx_PeriphCLKConfig
                0x00000000080252d4      0xbd4 Core/kernel/Drivers/STM32H7xx_HAL_Driver/Src/stm32h7xx_hal_rcc_ex.o
                0x00000000080252d4                HAL_RCCEx_PeriphCLKConfig
 .text.HAL_RCCEx_GetD3PCLK1Freq
                0x0000000008025ea8       0x28 Core/kernel/Drivers/STM32H7xx_HAL_Driver/Src/stm32h7xx_hal_rcc_ex.o
                0x0000000008025ea8                HAL_RCCEx_GetD3PCLK1Freq
 .text.HAL_RCCEx_GetPLL2ClockFreq
                0x0000000008025ed0      0x178 Core/kernel/Drivers/STM32H7xx_HAL_Driver/Src/stm32h7xx_hal_rcc_ex.o
                0x0000000008025ed0                HAL_RCCEx_GetPLL2ClockFreq
 .text.HAL_RCCEx_GetPLL3ClockFreq
                0x0000000008026048      0x178 Core/kernel/Drivers/STM32H7xx_HAL_Driver/Src/stm32h7xx_hal_rcc_ex.o
                0x0000000008026048                HAL_RCCEx_GetPLL3ClockFreq
 .text.HAL_RCCEx_GetPLL1ClockFreq
                0x00000000080261c0      0x178 Core/kernel/Drivers/STM32H7xx_HAL_Driver/Src/stm32h7xx_hal_rcc_ex.o
                0x00000000080261c0                HAL_RCCEx_GetPLL1ClockFreq
 .text.HAL_RCCEx_GetPeriphCLKFreq
                0x0000000008026338      0x3a8 Core/kernel/Drivers/STM32H7xx_HAL_Driver/Src/stm32h7xx_hal_rcc_ex.o
                0x0000000008026338                HAL_RCCEx_GetPeriphCLKFreq
 .text.SD_FindSCR
                0x00000000080266e0       0xe4 Core/kernel/Drivers/STM32H7xx_HAL_Driver/Src/stm32h7xx_hal_sd.o
 .text.HAL_SD_ReadBlocks
                0x00000000080267c4      0x258 Core/kernel/Drivers/STM32H7xx_HAL_Driver/Src/stm32h7xx_hal_sd.o
                0x00000000080267c4                HAL_SD_ReadBlocks
 .text.HAL_SD_WriteBlocks
                0x0000000008026a1c      0x1f4 Core/kernel/Drivers/STM32H7xx_HAL_Driver/Src/stm32h7xx_hal_sd.o
                0x0000000008026a1c                HAL_SD_WriteBlocks
 .text.HAL_SD_DriveTransceiver_1_8V_Callback
                0x0000000008026c10        0x4 Core/kernel/Drivers/STM32H7xx_HAL_Driver/Src/stm32h7xx_hal_sd.o
                0x0000000008026c10                HAL_SD_DriveTransceiver_1_8V_Callback
 .text.HAL_SD_DeInit
                0x0000000008026c14       0x38 Core/kernel/Drivers/STM32H7xx_HAL_Driver/Src/stm32h7xx_hal_sd.o
                0x0000000008026c14                HAL_SD_DeInit
 .text.HAL_SD_GetCardCSD
                0x0000000008026c4c      0x178 Core/kernel/Drivers/STM32H7xx_HAL_Driver/Src/stm32h7xx_hal_sd.o
                0x0000000008026c4c                HAL_SD_GetCardCSD
 .text.HAL_SD_InitCard
                0x0000000008026dc4      0x304 Core/kernel/Drivers/STM32H7xx_HAL_Driver/Src/stm32h7xx_hal_sd.o
                0x0000000008026dc4                HAL_SD_InitCard
 .text.HAL_SD_GetCardStatus
                0x00000000080270c8      0x1b0 Core/kernel/Drivers/STM32H7xx_HAL_Driver/Src/stm32h7xx_hal_sd.o
                0x00000000080270c8                HAL_SD_GetCardStatus
 .text.HAL_SD_GetCardInfo
                0x0000000008027278       0x28 Core/kernel/Drivers/STM32H7xx_HAL_Driver/Src/stm32h7xx_hal_sd.o
                0x0000000008027278                HAL_SD_GetCardInfo
 .text.HAL_SD_ConfigWideBusOperation
                0x00000000080272a0      0x1e0 Core/kernel/Drivers/STM32H7xx_HAL_Driver/Src/stm32h7xx_hal_sd.o
                0x00000000080272a0                HAL_SD_ConfigWideBusOperation
 .text.HAL_SD_Init
                0x0000000008027480       0xcc Core/kernel/Drivers/STM32H7xx_HAL_Driver/Src/stm32h7xx_hal_sd.o
                0x0000000008027480                HAL_SD_Init
 .text.HAL_SD_GetCardState
                0x000000000802754c       0x28 Core/kernel/Drivers/STM32H7xx_HAL_Driver/Src/stm32h7xx_hal_sd.o
                0x000000000802754c                HAL_SD_GetCardState
 .text.HAL_SDRAM_Init
                0x0000000008027574       0x54 Core/kernel/Drivers/STM32H7xx_HAL_Driver/Src/stm32h7xx_hal_sdram.o
                0x0000000008027574                HAL_SDRAM_Init
 .text.HAL_SDRAM_SendCommand
                0x00000000080275c8       0x40 Core/kernel/Drivers/STM32H7xx_HAL_Driver/Src/stm32h7xx_hal_sdram.o
                0x00000000080275c8                HAL_SDRAM_SendCommand
 .text.HAL_SDRAM_ProgramRefreshRate
                0x0000000008027608       0x30 Core/kernel/Drivers/STM32H7xx_HAL_Driver/Src/stm32h7xx_hal_sdram.o
                0x0000000008027608                HAL_SDRAM_ProgramRefreshRate
 .text.SPI_CloseTransfer
                0x0000000008027638       0xb8 Core/kernel/Drivers/STM32H7xx_HAL_Driver/Src/stm32h7xx_hal_spi.o
 .text.HAL_SPI_TxCpltCallback
                0x00000000080276f0        0x4 Core/kernel/Drivers/STM32H7xx_HAL_Driver/Src/stm32h7xx_hal_spi.o
                0x00000000080276f0                HAL_SPI_TxCpltCallback
 .text.HAL_SPI_RxCpltCallback
                0x00000000080276f4        0x4 Core/kernel/Drivers/STM32H7xx_HAL_Driver/Src/stm32h7xx_hal_spi.o
                0x00000000080276f4                HAL_SPI_RxCpltCallback
 .text.HAL_SPI_TxRxCpltCallback
                0x00000000080276f8        0x4 Core/kernel/Drivers/STM32H7xx_HAL_Driver/Src/stm32h7xx_hal_spi.o
                0x00000000080276f8                HAL_SPI_TxRxCpltCallback
 .text.HAL_SPI_ErrorCallback
                0x00000000080276fc        0x4 Core/kernel/Drivers/STM32H7xx_HAL_Driver/Src/stm32h7xx_hal_spi.o
                0x00000000080276fc                HAL_SPI_ErrorCallback
 .text.HAL_SPI_IRQHandler
                0x0000000008027700      0x250 Core/kernel/Drivers/STM32H7xx_HAL_Driver/Src/stm32h7xx_hal_spi.o
                0x0000000008027700                HAL_SPI_IRQHandler
 .text.SPI_DMAAbortOnError
                0x0000000008027950       0x1c Core/kernel/Drivers/STM32H7xx_HAL_Driver/Src/stm32h7xx_hal_spi.o
 .text.HAL_SRAM_Init
                0x000000000802796c       0x6c Core/kernel/Drivers/STM32H7xx_HAL_Driver/Src/stm32h7xx_hal_sram.o
                0x000000000802796c                HAL_SRAM_Init
 .text.TIM_OC1_SetConfig
                0x00000000080279d8       0x90 Core/kernel/Drivers/STM32H7xx_HAL_Driver/Src/stm32h7xx_hal_tim.o
 .text.TIM_OC3_SetConfig
                0x0000000008027a68       0x8c Core/kernel/Drivers/STM32H7xx_HAL_Driver/Src/stm32h7xx_hal_tim.o
 .text.HAL_TIM_Base_Init
                0x0000000008027af4      0x18c Core/kernel/Drivers/STM32H7xx_HAL_Driver/Src/stm32h7xx_hal_tim.o
                0x0000000008027af4                HAL_TIM_Base_Init
 .text.HAL_TIM_Base_Start
                0x0000000008027c80       0xb0 Core/kernel/Drivers/STM32H7xx_HAL_Driver/Src/stm32h7xx_hal_tim.o
                0x0000000008027c80                HAL_TIM_Base_Start
 .text.HAL_TIM_PWM_MspInit
                0x0000000008027d30        0x4 Core/kernel/Drivers/STM32H7xx_HAL_Driver/Src/stm32h7xx_hal_tim.o
                0x0000000008027d30                HAL_TIM_PWM_MspInit
 .text.HAL_TIM_PWM_Init
                0x0000000008027d34      0x18c Core/kernel/Drivers/STM32H7xx_HAL_Driver/Src/stm32h7xx_hal_tim.o
                0x0000000008027d34                HAL_TIM_PWM_Init
 .text.HAL_TIM_PWM_Start
                0x0000000008027ec0      0x160 Core/kernel/Drivers/STM32H7xx_HAL_Driver/Src/stm32h7xx_hal_tim.o
                0x0000000008027ec0                HAL_TIM_PWM_Start
 .text.HAL_TIM_ConfigClockSource
                0x0000000008028020      0x194 Core/kernel/Drivers/STM32H7xx_HAL_Driver/Src/stm32h7xx_hal_tim.o
                0x0000000008028020                HAL_TIM_ConfigClockSource
 .text.HAL_TIM_OC_DelayElapsedCallback
                0x00000000080281b4        0x4 Core/kernel/Drivers/STM32H7xx_HAL_Driver/Src/stm32h7xx_hal_tim.o
                0x00000000080281b4                HAL_TIM_OC_DelayElapsedCallback
 .text.HAL_TIM_IC_CaptureCallback
                0x00000000080281b8        0x4 Core/kernel/Drivers/STM32H7xx_HAL_Driver/Src/stm32h7xx_hal_tim.o
                0x00000000080281b8                HAL_TIM_IC_CaptureCallback
 .text.HAL_TIM_PWM_PulseFinishedCallback
                0x00000000080281bc        0x4 Core/kernel/Drivers/STM32H7xx_HAL_Driver/Src/stm32h7xx_hal_tim.o
                0x00000000080281bc                HAL_TIM_PWM_PulseFinishedCallback
 .text.HAL_TIM_TriggerCallback
                0x00000000080281c0        0x4 Core/kernel/Drivers/STM32H7xx_HAL_Driver/Src/stm32h7xx_hal_tim.o
                0x00000000080281c0                HAL_TIM_TriggerCallback
 .text.HAL_TIM_IRQHandler
                0x00000000080281c4      0x170 Core/kernel/Drivers/STM32H7xx_HAL_Driver/Src/stm32h7xx_hal_tim.o
                0x00000000080281c4                HAL_TIM_IRQHandler
 .text.TIM_OC2_SetConfig
                0x0000000008028334       0x94 Core/kernel/Drivers/STM32H7xx_HAL_Driver/Src/stm32h7xx_hal_tim.o
                0x0000000008028334                TIM_OC2_SetConfig
 .text.HAL_TIM_PWM_ConfigChannel
                0x00000000080283c8      0x288 Core/kernel/Drivers/STM32H7xx_HAL_Driver/Src/stm32h7xx_hal_tim.o
                0x00000000080283c8                HAL_TIM_PWM_ConfigChannel
 .text.HAL_TIMEx_MasterConfigSynchronization
                0x0000000008028650       0xb0 Core/kernel/Drivers/STM32H7xx_HAL_Driver/Src/stm32h7xx_hal_tim_ex.o
                0x0000000008028650                HAL_TIMEx_MasterConfigSynchronization
 .text.HAL_TIMEx_CommutCallback
                0x0000000008028700        0x4 Core/kernel/Drivers/STM32H7xx_HAL_Driver/Src/stm32h7xx_hal_tim_ex.o
                0x0000000008028700                HAL_TIMEx_CommutCallback
 .text.HAL_TIMEx_BreakCallback
                0x0000000008028704        0x4 Core/kernel/Drivers/STM32H7xx_HAL_Driver/Src/stm32h7xx_hal_tim_ex.o
                0x0000000008028704                HAL_TIMEx_BreakCallback
 .text.HAL_TIMEx_Break2Callback
                0x0000000008028708        0x4 Core/kernel/Drivers/STM32H7xx_HAL_Driver/Src/stm32h7xx_hal_tim_ex.o
                0x0000000008028708                HAL_TIMEx_Break2Callback
 .text.HAL_UART_Receive_IT
                0x000000000802870c      0x164 Core/kernel/Drivers/STM32H7xx_HAL_Driver/Src/stm32h7xx_hal_uart.o
                0x000000000802870c                HAL_UART_Receive_IT
 .text.HAL_UART_TxCpltCallback
                0x0000000008028870        0x4 Core/kernel/Drivers/STM32H7xx_HAL_Driver/Src/stm32h7xx_hal_uart.o
                0x0000000008028870                HAL_UART_TxCpltCallback
 .text.HAL_UART_ErrorCallback
                0x0000000008028874        0x4 Core/kernel/Drivers/STM32H7xx_HAL_Driver/Src/stm32h7xx_hal_uart.o
                0x0000000008028874                HAL_UART_ErrorCallback
 .text.UART_DMAAbortOnError
                0x0000000008028878       0x14 Core/kernel/Drivers/STM32H7xx_HAL_Driver/Src/stm32h7xx_hal_uart.o
 .text.HAL_UARTEx_RxEventCallback
                0x000000000802888c        0x4 Core/kernel/Drivers/STM32H7xx_HAL_Driver/Src/stm32h7xx_hal_uart.o
                0x000000000802888c                HAL_UARTEx_RxEventCallback
 .text.HAL_UART_IRQHandler
                0x0000000008028890      0x2d4 Core/kernel/Drivers/STM32H7xx_HAL_Driver/Src/stm32h7xx_hal_uart.o
                0x0000000008028890                HAL_UART_IRQHandler
 .text.UART_RxISR_8BIT
                0x0000000008028b64       0x80 Core/kernel/Drivers/STM32H7xx_HAL_Driver/Src/stm32h7xx_hal_uart.o
 .text.UART_RxISR_16BIT
                0x0000000008028be4       0x78 Core/kernel/Drivers/STM32H7xx_HAL_Driver/Src/stm32h7xx_hal_uart.o
 .text.UART_RxISR_8BIT_FIFOEN
                0x0000000008028c5c      0x174 Core/kernel/Drivers/STM32H7xx_HAL_Driver/Src/stm32h7xx_hal_uart.o
 .text.UART_RxISR_16BIT_FIFOEN
                0x0000000008028dd0      0x170 Core/kernel/Drivers/STM32H7xx_HAL_Driver/Src/stm32h7xx_hal_uart.o
 .text.UART_AdvFeatureConfig
                0x0000000008028f40       0xb0 Core/kernel/Drivers/STM32H7xx_HAL_Driver/Src/stm32h7xx_hal_uart.o
                0x0000000008028f40                UART_AdvFeatureConfig
 .text.UART_CheckIdleState
                0x0000000008028ff0       0xc8 Core/kernel/Drivers/STM32H7xx_HAL_Driver/Src/stm32h7xx_hal_uart.o
                0x0000000008028ff0                UART_CheckIdleState
 .text.HAL_UART_Init
                0x00000000080290b8      0x66c Core/kernel/Drivers/STM32H7xx_HAL_Driver/Src/stm32h7xx_hal_uart.o
                0x00000000080290b8                HAL_UART_Init
 .text.UART_WaitOnFlagUntilTimeout
                0x0000000008029724       0xb4 Core/kernel/Drivers/STM32H7xx_HAL_Driver/Src/stm32h7xx_hal_uart.o
                0x0000000008029724                UART_WaitOnFlagUntilTimeout
 .text.HAL_UART_Transmit
                0x00000000080297d8      0x158 Core/kernel/Drivers/STM32H7xx_HAL_Driver/Src/stm32h7xx_hal_uart.o
                0x00000000080297d8                HAL_UART_Transmit
 .text.HAL_UARTEx_WakeupCallback
                0x0000000008029930        0x4 Core/kernel/Drivers/STM32H7xx_HAL_Driver/Src/stm32h7xx_hal_uart_ex.o
                0x0000000008029930                HAL_UARTEx_WakeupCallback
 .text.HAL_UARTEx_RxFifoFullCallback
                0x0000000008029934        0x4 Core/kernel/Drivers/STM32H7xx_HAL_Driver/Src/stm32h7xx_hal_uart_ex.o
                0x0000000008029934                HAL_UARTEx_RxFifoFullCallback
 .text.HAL_UARTEx_TxFifoEmptyCallback
                0x0000000008029938        0x4 Core/kernel/Drivers/STM32H7xx_HAL_Driver/Src/stm32h7xx_hal_uart_ex.o
                0x0000000008029938                HAL_UARTEx_TxFifoEmptyCallback
 .text.HAL_UARTEx_DisableFifoMode
                0x000000000802993c       0x3c Core/kernel/Drivers/STM32H7xx_HAL_Driver/Src/stm32h7xx_hal_uart_ex.o
                0x000000000802993c                HAL_UARTEx_DisableFifoMode
 .text.HAL_UARTEx_SetTxFifoThreshold
                0x0000000008029978       0x7c Core/kernel/Drivers/STM32H7xx_HAL_Driver/Src/stm32h7xx_hal_uart_ex.o
                0x0000000008029978                HAL_UARTEx_SetTxFifoThreshold
 .text.HAL_UARTEx_SetRxFifoThreshold
                0x00000000080299f4       0x7c Core/kernel/Drivers/STM32H7xx_HAL_Driver/Src/stm32h7xx_hal_uart_ex.o
                0x00000000080299f4                HAL_UARTEx_SetRxFifoThreshold
 .text.FMC_NORSRAM_Init
                0x0000000008029a70       0xa8 Core/kernel/Drivers/STM32H7xx_HAL_Driver/Src/stm32h7xx_ll_fmc.o
                0x0000000008029a70                FMC_NORSRAM_Init
 .text.FMC_NORSRAM_Timing_Init
                0x0000000008029b18       0x58 Core/kernel/Drivers/STM32H7xx_HAL_Driver/Src/stm32h7xx_ll_fmc.o
                0x0000000008029b18                FMC_NORSRAM_Timing_Init
 .text.FMC_NORSRAM_Extended_Timing_Init
                0x0000000008029b70       0x44 Core/kernel/Drivers/STM32H7xx_HAL_Driver/Src/stm32h7xx_ll_fmc.o
                0x0000000008029b70                FMC_NORSRAM_Extended_Timing_Init
 .text.FMC_SDRAM_Init
                0x0000000008029bb4       0x80 Core/kernel/Drivers/STM32H7xx_HAL_Driver/Src/stm32h7xx_ll_fmc.o
                0x0000000008029bb4                FMC_SDRAM_Init
 .text.FMC_SDRAM_Timing_Init
                0x0000000008029c34       0x9c Core/kernel/Drivers/STM32H7xx_HAL_Driver/Src/stm32h7xx_ll_fmc.o
                0x0000000008029c34                FMC_SDRAM_Timing_Init
 .text.FMC_SDRAM_SendCommand
                0x0000000008029cd0       0x2c Core/kernel/Drivers/STM32H7xx_HAL_Driver/Src/stm32h7xx_ll_fmc.o
                0x0000000008029cd0                FMC_SDRAM_SendCommand
 .text.FMC_SDRAM_ProgramRefreshRate
                0x0000000008029cfc       0x20 Core/kernel/Drivers/STM32H7xx_HAL_Driver/Src/stm32h7xx_ll_fmc.o
                0x0000000008029cfc                FMC_SDRAM_ProgramRefreshRate
 .text.SDMMC_Init
                0x0000000008029d1c       0x38 Core/kernel/Drivers/STM32H7xx_HAL_Driver/Src/stm32h7xx_ll_sdmmc.o
                0x0000000008029d1c                SDMMC_Init
 .text.SDMMC_ReadFIFO
                0x0000000008029d54        0x8 Core/kernel/Drivers/STM32H7xx_HAL_Driver/Src/stm32h7xx_ll_sdmmc.o
                0x0000000008029d54                SDMMC_ReadFIFO
 .text.SDMMC_WriteFIFO
                0x0000000008029d5c        0xc Core/kernel/Drivers/STM32H7xx_HAL_Driver/Src/stm32h7xx_ll_sdmmc.o
                0x0000000008029d5c                SDMMC_WriteFIFO
 .text.SDMMC_PowerState_ON
                0x0000000008029d68       0x10 Core/kernel/Drivers/STM32H7xx_HAL_Driver/Src/stm32h7xx_ll_sdmmc.o
                0x0000000008029d68                SDMMC_PowerState_ON
 .text.SDMMC_PowerState_OFF
                0x0000000008029d78       0x10 Core/kernel/Drivers/STM32H7xx_HAL_Driver/Src/stm32h7xx_ll_sdmmc.o
                0x0000000008029d78                SDMMC_PowerState_OFF
 .text.SDMMC_GetPowerState
                0x0000000008029d88        0x8 Core/kernel/Drivers/STM32H7xx_HAL_Driver/Src/stm32h7xx_ll_sdmmc.o
                0x0000000008029d88                SDMMC_GetPowerState
 .text.SDMMC_GetResponse
                0x0000000008029d90        0x8 Core/kernel/Drivers/STM32H7xx_HAL_Driver/Src/stm32h7xx_ll_sdmmc.o
                0x0000000008029d90                SDMMC_GetResponse
 .text.SDMMC_ConfigData
                0x0000000008029d98       0x2c Core/kernel/Drivers/STM32H7xx_HAL_Driver/Src/stm32h7xx_ll_sdmmc.o
                0x0000000008029d98                SDMMC_ConfigData
 .text.SDMMC_CmdBlockLength
                0x0000000008029dc4      0x150 Core/kernel/Drivers/STM32H7xx_HAL_Driver/Src/stm32h7xx_ll_sdmmc.o
                0x0000000008029dc4                SDMMC_CmdBlockLength
 .text.SDMMC_CmdReadSingleBlock
                0x0000000008029f14      0x150 Core/kernel/Drivers/STM32H7xx_HAL_Driver/Src/stm32h7xx_ll_sdmmc.o
                0x0000000008029f14                SDMMC_CmdReadSingleBlock
 .text.SDMMC_CmdReadMultiBlock
                0x000000000802a064      0x150 Core/kernel/Drivers/STM32H7xx_HAL_Driver/Src/stm32h7xx_ll_sdmmc.o
                0x000000000802a064                SDMMC_CmdReadMultiBlock
 .text.SDMMC_CmdWriteSingleBlock
                0x000000000802a1b4      0x150 Core/kernel/Drivers/STM32H7xx_HAL_Driver/Src/stm32h7xx_ll_sdmmc.o
                0x000000000802a1b4                SDMMC_CmdWriteSingleBlock
 .text.SDMMC_CmdWriteMultiBlock
                0x000000000802a304      0x150 Core/kernel/Drivers/STM32H7xx_HAL_Driver/Src/stm32h7xx_ll_sdmmc.o
                0x000000000802a304                SDMMC_CmdWriteMultiBlock
 .text.SDMMC_CmdStopTransfer
                0x000000000802a454      0x220 Core/kernel/Drivers/STM32H7xx_HAL_Driver/Src/stm32h7xx_ll_sdmmc.o
                0x000000000802a454                SDMMC_CmdStopTransfer
 .text.SDMMC_CmdSelDesel
                0x000000000802a674      0x150 Core/kernel/Drivers/STM32H7xx_HAL_Driver/Src/stm32h7xx_ll_sdmmc.o
                0x000000000802a674                SDMMC_CmdSelDesel
 .text.SDMMC_CmdGoIdleState
                0x000000000802a7c4       0x5c Core/kernel/Drivers/STM32H7xx_HAL_Driver/Src/stm32h7xx_ll_sdmmc.o
                0x000000000802a7c4                SDMMC_CmdGoIdleState
 .text.SDMMC_CmdOperCond
                0x000000000802a820       0x84 Core/kernel/Drivers/STM32H7xx_HAL_Driver/Src/stm32h7xx_ll_sdmmc.o
                0x000000000802a820                SDMMC_CmdOperCond
 .text.SDMMC_CmdAppCommand
                0x000000000802a8a4      0x150 Core/kernel/Drivers/STM32H7xx_HAL_Driver/Src/stm32h7xx_ll_sdmmc.o
                0x000000000802a8a4                SDMMC_CmdAppCommand
 .text.SDMMC_CmdAppOperCommand
                0x000000000802a9f4       0x74 Core/kernel/Drivers/STM32H7xx_HAL_Driver/Src/stm32h7xx_ll_sdmmc.o
                0x000000000802a9f4                SDMMC_CmdAppOperCommand
 .text.SDMMC_CmdBusWidth
                0x000000000802aa68      0x150 Core/kernel/Drivers/STM32H7xx_HAL_Driver/Src/stm32h7xx_ll_sdmmc.o
                0x000000000802aa68                SDMMC_CmdBusWidth
 .text.SDMMC_CmdSendSCR
                0x000000000802abb8      0x154 Core/kernel/Drivers/STM32H7xx_HAL_Driver/Src/stm32h7xx_ll_sdmmc.o
                0x000000000802abb8                SDMMC_CmdSendSCR
 .text.SDMMC_CmdSendCID
                0x000000000802ad0c       0x80 Core/kernel/Drivers/STM32H7xx_HAL_Driver/Src/stm32h7xx_ll_sdmmc.o
                0x000000000802ad0c                SDMMC_CmdSendCID
 .text.SDMMC_CmdSendCSD
                0x000000000802ad8c       0x80 Core/kernel/Drivers/STM32H7xx_HAL_Driver/Src/stm32h7xx_ll_sdmmc.o
                0x000000000802ad8c                SDMMC_CmdSendCSD
 .text.SDMMC_CmdSetRelAdd
                0x000000000802ae0c       0xb0 Core/kernel/Drivers/STM32H7xx_HAL_Driver/Src/stm32h7xx_ll_sdmmc.o
                0x000000000802ae0c                SDMMC_CmdSetRelAdd
 .text.SDMMC_CmdSendStatus
                0x000000000802aebc      0x150 Core/kernel/Drivers/STM32H7xx_HAL_Driver/Src/stm32h7xx_ll_sdmmc.o
                0x000000000802aebc                SDMMC_CmdSendStatus
 .text.SDMMC_CmdStatusRegister
                0x000000000802b00c      0x154 Core/kernel/Drivers/STM32H7xx_HAL_Driver/Src/stm32h7xx_ll_sdmmc.o
                0x000000000802b00c                SDMMC_CmdStatusRegister
 .text.SDMMC_CmdVoltageSwitch
                0x000000000802b160      0x154 Core/kernel/Drivers/STM32H7xx_HAL_Driver/Src/stm32h7xx_ll_sdmmc.o
                0x000000000802b160                SDMMC_CmdVoltageSwitch
 .text.USB_SetTurnaroundTime
                0x000000000802b2b4      0x11c Core/kernel/Drivers/STM32H7xx_HAL_Driver/Src/stm32h7xx_ll_usb.o
                0x000000000802b2b4                USB_SetTurnaroundTime
 .text.USB_FlushTxFifo
                0x000000000802b3d0       0x28 Core/kernel/Drivers/STM32H7xx_HAL_Driver/Src/stm32h7xx_ll_usb.o
                0x000000000802b3d0                USB_FlushTxFifo
 .text.USB_GetDevSpeed
                0x000000000802b3f8       0x18 Core/kernel/Drivers/STM32H7xx_HAL_Driver/Src/stm32h7xx_ll_usb.o
                0x000000000802b3f8                USB_GetDevSpeed
 .text.USB_ActivateEndpoint
                0x000000000802b410       0x98 Core/kernel/Drivers/STM32H7xx_HAL_Driver/Src/stm32h7xx_ll_usb.o
                0x000000000802b410                USB_ActivateEndpoint
 .text.USB_EPStartXfer
                0x000000000802b4a8      0x238 Core/kernel/Drivers/STM32H7xx_HAL_Driver/Src/stm32h7xx_ll_usb.o
                0x000000000802b4a8                USB_EPStartXfer
 .text.USB_EP0StartXfer
                0x000000000802b6e0      0x15c Core/kernel/Drivers/STM32H7xx_HAL_Driver/Src/stm32h7xx_ll_usb.o
                0x000000000802b6e0                USB_EP0StartXfer
 .text.USB_WritePacket
                0x000000000802b83c       0x2c Core/kernel/Drivers/STM32H7xx_HAL_Driver/Src/stm32h7xx_ll_usb.o
                0x000000000802b83c                USB_WritePacket
 .text.USB_ReadPacket
                0x000000000802b868       0x48 Core/kernel/Drivers/STM32H7xx_HAL_Driver/Src/stm32h7xx_ll_usb.o
                0x000000000802b868                USB_ReadPacket
 .text.USB_EPSetStall
                0x000000000802b8b0       0x68 Core/kernel/Drivers/STM32H7xx_HAL_Driver/Src/stm32h7xx_ll_usb.o
                0x000000000802b8b0                USB_EPSetStall
 .text.USB_EPClearStall
                0x000000000802b918       0x58 Core/kernel/Drivers/STM32H7xx_HAL_Driver/Src/stm32h7xx_ll_usb.o
                0x000000000802b918                USB_EPClearStall
 .text.USB_SetDevAddress
                0x000000000802b970       0x24 Core/kernel/Drivers/STM32H7xx_HAL_Driver/Src/stm32h7xx_ll_usb.o
                0x000000000802b970                USB_SetDevAddress
 .text.USB_ReadInterrupts
                0x000000000802b994        0x8 Core/kernel/Drivers/STM32H7xx_HAL_Driver/Src/stm32h7xx_ll_usb.o
                0x000000000802b994                USB_ReadInterrupts
 .text.USB_ReadDevAllOutEpInterrupt
                0x000000000802b99c       0x10 Core/kernel/Drivers/STM32H7xx_HAL_Driver/Src/stm32h7xx_ll_usb.o
                0x000000000802b99c                USB_ReadDevAllOutEpInterrupt
 .text.USB_ReadDevAllInEpInterrupt
                0x000000000802b9ac       0x10 Core/kernel/Drivers/STM32H7xx_HAL_Driver/Src/stm32h7xx_ll_usb.o
                0x000000000802b9ac                USB_ReadDevAllInEpInterrupt
 .text.USB_ReadDevOutEPInterrupt
                0x000000000802b9bc       0x14 Core/kernel/Drivers/STM32H7xx_HAL_Driver/Src/stm32h7xx_ll_usb.o
                0x000000000802b9bc                USB_ReadDevOutEPInterrupt
 .text.USB_ReadDevInEPInterrupt
                0x000000000802b9d0       0x24 Core/kernel/Drivers/STM32H7xx_HAL_Driver/Src/stm32h7xx_ll_usb.o
                0x000000000802b9d0                USB_ReadDevInEPInterrupt
 .text.USB_GetMode
                0x000000000802b9f4        0x8 Core/kernel/Drivers/STM32H7xx_HAL_Driver/Src/stm32h7xx_ll_usb.o
                0x000000000802b9f4                USB_GetMode
 .text.USB_ActivateSetup
                0x000000000802b9fc       0x2c Core/kernel/Drivers/STM32H7xx_HAL_Driver/Src/stm32h7xx_ll_usb.o
                0x000000000802b9fc                USB_ActivateSetup
 .text.USB_EP0_OutStart
                0x000000000802ba28       0x5c Core/kernel/Drivers/STM32H7xx_HAL_Driver/Src/stm32h7xx_ll_usb.o
                0x000000000802ba28                USB_EP0_OutStart
 .text.USBD_SetClassConfig
                0x000000000802ba84       0x10 Core/kernel/Drivers/STM32_USB_Device_Library/Core/Src/usbd_core.o
                0x000000000802ba84                USBD_SetClassConfig
 .text.USBD_ClrClassConfig
                0x000000000802ba94       0x10 Core/kernel/Drivers/STM32_USB_Device_Library/Core/Src/usbd_core.o
                0x000000000802ba94                USBD_ClrClassConfig
 .text.USBD_LL_SetupStage
                0x000000000802baa4       0x60 Core/kernel/Drivers/STM32_USB_Device_Library/Core/Src/usbd_core.o
                0x000000000802baa4                USBD_LL_SetupStage
 .text.USBD_LL_DataOutStage
                0x000000000802bb04       0x68 Core/kernel/Drivers/STM32_USB_Device_Library/Core/Src/usbd_core.o
                0x000000000802bb04                USBD_LL_DataOutStage
 .text.USBD_LL_DataInStage
                0x000000000802bb6c       0xac Core/kernel/Drivers/STM32_USB_Device_Library/Core/Src/usbd_core.o
                0x000000000802bb6c                USBD_LL_DataInStage
 .text.USBD_LL_Reset
                0x000000000802bc18       0x58 Core/kernel/Drivers/STM32_USB_Device_Library/Core/Src/usbd_core.o
                0x000000000802bc18                USBD_LL_Reset
 .text.USBD_LL_SetSpeed
                0x000000000802bc70        0x8 Core/kernel/Drivers/STM32_USB_Device_Library/Core/Src/usbd_core.o
                0x000000000802bc70                USBD_LL_SetSpeed
 .text.USBD_LL_Suspend
                0x000000000802bc78       0x18 Core/kernel/Drivers/STM32_USB_Device_Library/Core/Src/usbd_core.o
                0x000000000802bc78                USBD_LL_Suspend
 .text.USBD_LL_Resume
                0x000000000802bc90       0x18 Core/kernel/Drivers/STM32_USB_Device_Library/Core/Src/usbd_core.o
                0x000000000802bc90                USBD_LL_Resume
 .text.USBD_LL_SOF
                0x000000000802bca8       0x28 Core/kernel/Drivers/STM32_USB_Device_Library/Core/Src/usbd_core.o
                0x000000000802bca8                USBD_LL_SOF
 .text.USBD_LL_IsoINIncomplete
                0x000000000802bcd0       0x28 Core/kernel/Drivers/STM32_USB_Device_Library/Core/Src/usbd_core.o
                0x000000000802bcd0                USBD_LL_IsoINIncomplete
 .text.USBD_LL_IsoOUTIncomplete
                0x000000000802bcf8       0x28 Core/kernel/Drivers/STM32_USB_Device_Library/Core/Src/usbd_core.o
                0x000000000802bcf8                USBD_LL_IsoOUTIncomplete
 .text.USBD_LL_DevConnected
                0x000000000802bd20        0x4 Core/kernel/Drivers/STM32_USB_Device_Library/Core/Src/usbd_core.o
                0x000000000802bd20                USBD_LL_DevConnected
 .text.USBD_LL_DevDisconnected
                0x000000000802bd24       0x1c Core/kernel/Drivers/STM32_USB_Device_Library/Core/Src/usbd_core.o
                0x000000000802bd24                USBD_LL_DevDisconnected
 .text.USBD_StdDevReq
                0x000000000802bd40      0x33c Core/kernel/Drivers/STM32_USB_Device_Library/Core/Src/usbd_ctlreq.o
                0x000000000802bd40                USBD_StdDevReq
 .text.USBD_StdItfReq
                0x000000000802c07c       0x70 Core/kernel/Drivers/STM32_USB_Device_Library/Core/Src/usbd_ctlreq.o
                0x000000000802c07c                USBD_StdItfReq
 .text.USBD_StdEPReq
                0x000000000802c0ec      0x138 Core/kernel/Drivers/STM32_USB_Device_Library/Core/Src/usbd_ctlreq.o
                0x000000000802c0ec                USBD_StdEPReq
 .text.USBD_ParseSetupRequest
                0x000000000802c224       0x28 Core/kernel/Drivers/STM32_USB_Device_Library/Core/Src/usbd_ctlreq.o
                0x000000000802c224                USBD_ParseSetupRequest
 .text.USBD_CtlSendData
                0x000000000802c24c       0x1c Core/kernel/Drivers/STM32_USB_Device_Library/Core/Src/usbd_ioreq.o
                0x000000000802c24c                USBD_CtlSendData
 .text.USBD_CtlContinueSendData
                0x000000000802c268       0x14 Core/kernel/Drivers/STM32_USB_Device_Library/Core/Src/usbd_ioreq.o
                0x000000000802c268                USBD_CtlContinueSendData
 .text.USBD_CtlContinueRx
                0x000000000802c27c       0x14 Core/kernel/Drivers/STM32_USB_Device_Library/Core/Src/usbd_ioreq.o
                0x000000000802c27c                USBD_CtlContinueRx
 .text.USBD_CtlSendStatus
                0x000000000802c290       0x18 Core/kernel/Drivers/STM32_USB_Device_Library/Core/Src/usbd_ioreq.o
                0x000000000802c290                USBD_CtlSendStatus
 .text.USBD_CtlReceiveStatus
                0x000000000802c2a8       0x18 Core/kernel/Drivers/STM32_USB_Device_Library/Core/Src/usbd_ioreq.o
                0x000000000802c2a8                USBD_CtlReceiveStatus
 .text.HAL_PCD_SetupStageCallback
                0x000000000802c2c0        0xc Core/kernel/Drivers/USB/usbd_conf.o
                0x000000000802c2c0                HAL_PCD_SetupStageCallback
 .text.HAL_PCD_DataOutStageCallback
                0x000000000802c2cc       0x14 Core/kernel/Drivers/USB/usbd_conf.o
                0x000000000802c2cc                HAL_PCD_DataOutStageCallback
 .text.HAL_PCD_DataInStageCallback
                0x000000000802c2e0       0x14 Core/kernel/Drivers/USB/usbd_conf.o
                0x000000000802c2e0                HAL_PCD_DataInStageCallback
 .text.HAL_PCD_SOFCallback
                0x000000000802c2f4        0x8 Core/kernel/Drivers/USB/usbd_conf.o
                0x000000000802c2f4                HAL_PCD_SOFCallback
 .text.HAL_PCD_ResetCallback
                0x000000000802c2fc       0x2c Core/kernel/Drivers/USB/usbd_conf.o
                0x000000000802c2fc                HAL_PCD_ResetCallback
 .text.HAL_PCD_SuspendCallback
                0x000000000802c328       0x30 Core/kernel/Drivers/USB/usbd_conf.o
                0x000000000802c328                HAL_PCD_SuspendCallback
 .text.HAL_PCD_ResumeCallback
                0x000000000802c358        0x8 Core/kernel/Drivers/USB/usbd_conf.o
                0x000000000802c358                HAL_PCD_ResumeCallback
 .text.HAL_PCD_ISOOUTIncompleteCallback
                0x000000000802c360        0x8 Core/kernel/Drivers/USB/usbd_conf.o
                0x000000000802c360                HAL_PCD_ISOOUTIncompleteCallback
 .text.HAL_PCD_ISOINIncompleteCallback
                0x000000000802c368        0x8 Core/kernel/Drivers/USB/usbd_conf.o
                0x000000000802c368                HAL_PCD_ISOINIncompleteCallback
 .text.HAL_PCD_ConnectCallback
                0x000000000802c370        0x8 Core/kernel/Drivers/USB/usbd_conf.o
                0x000000000802c370                HAL_PCD_ConnectCallback
 .text.HAL_PCD_DisconnectCallback
                0x000000000802c378        0x8 Core/kernel/Drivers/USB/usbd_conf.o
                0x000000000802c378                HAL_PCD_DisconnectCallback
 .text.USBD_LL_OpenEP
                0x000000000802c380       0x24 Core/kernel/Drivers/USB/usbd_conf.o
                0x000000000802c380                USBD_LL_OpenEP
 .text.USBD_LL_StallEP
                0x000000000802c3a4       0x20 Core/kernel/Drivers/USB/usbd_conf.o
                0x000000000802c3a4                USBD_LL_StallEP
 .text.USBD_LL_ClearStallEP
                0x000000000802c3c4       0x20 Core/kernel/Drivers/USB/usbd_conf.o
                0x000000000802c3c4                USBD_LL_ClearStallEP
 .text.USBD_LL_IsStallEP
                0x000000000802c3e4       0x28 Core/kernel/Drivers/USB/usbd_conf.o
                0x000000000802c3e4                USBD_LL_IsStallEP
 .text.USBD_LL_SetUSBAddress
                0x000000000802c40c       0x20 Core/kernel/Drivers/USB/usbd_conf.o
                0x000000000802c40c                USBD_LL_SetUSBAddress
 .text.USBD_LL_Transmit
                0x000000000802c42c       0x20 Core/kernel/Drivers/USB/usbd_conf.o
                0x000000000802c42c                USBD_LL_Transmit
 .text.USBD_LL_PrepareReceive
                0x000000000802c44c       0x20 Core/kernel/Drivers/USB/usbd_conf.o
                0x000000000802c44c                USBD_LL_PrepareReceive
 .text.MX_DMA_Init
                0x000000000802c46c       0xb4 Core/kernel/Drivers/dma.o
                0x000000000802c46c                MX_DMA_Init
 .text.MX_GPIO_Init
                0x000000000802c520      0x39c Core/kernel/Drivers/gpio.o
                0x000000000802c520                MX_GPIO_Init
 .text.__NVIC_SystemReset
                0x000000000802c8bc       0x24 Core/kernel/Drivers/mcuconf.o
 .text.MPU_Config
                0x000000000802c8e0       0xfc Core/kernel/Drivers/mcuconf.o
                0x000000000802c8e0                MPU_Config
 .text.Error_Handler
                0x000000000802c9dc      0x1ac Core/kernel/Drivers/mcuconf.o
                0x000000000802c9dc                Error_Handler
 .text.SystemClock_Config
                0x000000000802cb88       0xf0 Core/kernel/Drivers/mcuconf.o
                0x000000000802cb88                SystemClock_Config
 .text.PeriphCommonClock_Config
                0x000000000802cc78       0x50 Core/kernel/Drivers/mcuconf.o
                0x000000000802cc78                PeriphCommonClock_Config
 .text.HAL_MspInit
                0x000000000802ccc8       0x3c Core/kernel/Drivers/stm32h7xx_hal_msp.o
                0x000000000802ccc8                HAL_MspInit
 .text.__NVIC_SystemReset
                0x000000000802cd04       0x24 Core/kernel/Drivers/stm32h7xx_it.o
 .text.NMI_Handler
                0x000000000802cd28       0x10 Core/kernel/Drivers/stm32h7xx_it.o
                0x000000000802cd28                NMI_Handler
 .text.HardFault_Handler
                0x000000000802cd38      0x194 Core/kernel/Drivers/stm32h7xx_it.o
                0x000000000802cd38                HardFault_Handler
 .text.MemManage_Handler
                0x000000000802cecc      0x19c Core/kernel/Drivers/stm32h7xx_it.o
                0x000000000802cecc                MemManage_Handler
 .text.BusFault_Handler
                0x000000000802d068      0x194 Core/kernel/Drivers/stm32h7xx_it.o
                0x000000000802d068                BusFault_Handler
 .text.UsageFault_Handler
                0x000000000802d1fc      0x194 Core/kernel/Drivers/stm32h7xx_it.o
                0x000000000802d1fc                UsageFault_Handler
 .text.SVC_Handler
                0x000000000802d390        0x4 Core/kernel/Drivers/stm32h7xx_it.o
                0x000000000802d390                SVC_Handler
 .text.DebugMon_Handler
                0x000000000802d394        0x4 Core/kernel/Drivers/stm32h7xx_it.o
                0x000000000802d394                DebugMon_Handler
 .text.PendSV_Handler
                0x000000000802d398        0x4 Core/kernel/Drivers/stm32h7xx_it.o
                0x000000000802d398                PendSV_Handler
 .text.SysTick_Handler
                0x000000000802d39c        0x4 Core/kernel/Drivers/stm32h7xx_it.o
                0x000000000802d39c                SysTick_Handler
 .text.EXTI4_IRQHandler
                0x000000000802d3a0       0x18 Core/kernel/Drivers/stm32h7xx_it.o
                0x000000000802d3a0                EXTI4_IRQHandler
 .text.DMA1_Stream2_IRQHandler
                0x000000000802d3b8        0xc Core/kernel/Drivers/stm32h7xx_it.o
                0x000000000802d3b8                DMA1_Stream2_IRQHandler
 .text.DMA1_Stream4_IRQHandler
                0x000000000802d3c4        0xc Core/kernel/Drivers/stm32h7xx_it.o
                0x000000000802d3c4                DMA1_Stream4_IRQHandler
 .text.EXTI9_5_IRQHandler
                0x000000000802d3d0       0x14 Core/kernel/Drivers/stm32h7xx_it.o
                0x000000000802d3d0                EXTI9_5_IRQHandler
 .text.TIM2_IRQHandler
                0x000000000802d3e4        0xc Core/kernel/Drivers/stm32h7xx_it.o
                0x000000000802d3e4                TIM2_IRQHandler
 .text.SPI1_IRQHandler
                0x000000000802d3f0        0xc Core/kernel/Drivers/stm32h7xx_it.o
                0x000000000802d3f0                SPI1_IRQHandler
 .text.SPI2_IRQHandler
                0x000000000802d3fc        0xc Core/kernel/Drivers/stm32h7xx_it.o
                0x000000000802d3fc                SPI2_IRQHandler
 .text.USART1_IRQHandler
                0x000000000802d408        0xc Core/kernel/Drivers/stm32h7xx_it.o
                0x000000000802d408                USART1_IRQHandler
 .text.EXTI15_10_IRQHandler
                0x000000000802d414       0x28 Core/kernel/Drivers/stm32h7xx_it.o
                0x000000000802d414                EXTI15_10_IRQHandler
 .text.TIM5_IRQHandler
                0x000000000802d43c        0xc Core/kernel/Drivers/stm32h7xx_it.o
                0x000000000802d43c                TIM5_IRQHandler
 .text.SPI3_IRQHandler
                0x000000000802d448        0xc Core/kernel/Drivers/stm32h7xx_it.o
                0x000000000802d448                SPI3_IRQHandler
 .text.TIM6_DAC_IRQHandler
                0x000000000802d454       0x20 Core/kernel/Drivers/stm32h7xx_it.o
                0x000000000802d454                TIM6_DAC_IRQHandler
 .text.TIM7_IRQHandler
                0x000000000802d474        0xc Core/kernel/Drivers/stm32h7xx_it.o
                0x000000000802d474                TIM7_IRQHandler
 .text.DMA2_Stream0_IRQHandler
                0x000000000802d480        0xc Core/kernel/Drivers/stm32h7xx_it.o
                0x000000000802d480                DMA2_Stream0_IRQHandler
 .text.DMA2_Stream1_IRQHandler
                0x000000000802d48c        0xc Core/kernel/Drivers/stm32h7xx_it.o
                0x000000000802d48c                DMA2_Stream1_IRQHandler
 .text.DMA2_Stream2_IRQHandler
                0x000000000802d498        0xc Core/kernel/Drivers/stm32h7xx_it.o
                0x000000000802d498                DMA2_Stream2_IRQHandler
 .text.DMA2_Stream3_IRQHandler
                0x000000000802d4a4        0xc Core/kernel/Drivers/stm32h7xx_it.o
                0x000000000802d4a4                DMA2_Stream3_IRQHandler
 .text.DMA2_Stream4_IRQHandler
                0x000000000802d4b0        0xc Core/kernel/Drivers/stm32h7xx_it.o
                0x000000000802d4b0                DMA2_Stream4_IRQHandler
 .text.SPI4_IRQHandler
                0x000000000802d4bc        0xc Core/kernel/Drivers/stm32h7xx_it.o
                0x000000000802d4bc                SPI4_IRQHandler
 .text.SPI5_IRQHandler
                0x000000000802d4c8        0xc Core/kernel/Drivers/stm32h7xx_it.o
                0x000000000802d4c8                SPI5_IRQHandler
 .text.DMA2D_IRQHandler
                0x000000000802d4d4        0xc Core/kernel/Drivers/stm32h7xx_it.o
                0x000000000802d4d4                DMA2D_IRQHandler
 .text.OTG_FS_IRQHandler
                0x000000000802d4e0        0xc Core/kernel/Drivers/stm32h7xx_it.o
                0x000000000802d4e0                OTG_FS_IRQHandler
 .text.SetEXTI4Callback
                0x000000000802d4ec       0x14 Core/kernel/Drivers/stm32h7xx_it.o
                0x000000000802d4ec                SetEXTI4Callback
 .text._getpid  0x000000000802d500        0x4 Core/kernel/Drivers/syscalls.o
                0x000000000802d500                _getpid
 .text._kill    0x000000000802d504       0x14 Core/kernel/Drivers/syscalls.o
                0x000000000802d504                _kill
 .text._exit    0x000000000802d518        0xc Core/kernel/Drivers/syscalls.o
                0x000000000802d518                _exit
 .text._read    0x000000000802d524       0x1c Core/kernel/Drivers/syscalls.o
                0x000000000802d524                _read
 .text._write   0x000000000802d540       0x1c Core/kernel/Drivers/syscalls.o
                0x000000000802d540                _write
 .text._close   0x000000000802d55c        0x8 Core/kernel/Drivers/syscalls.o
                0x000000000802d55c                _close
 .text._fstat   0x000000000802d564        0xc Core/kernel/Drivers/syscalls.o
                0x000000000802d564                _fstat
 .text._isatty  0x000000000802d570        0x4 Core/kernel/Drivers/syscalls.o
                0x000000000802d570                _isatty
 .text._lseek   0x000000000802d574        0x4 Core/kernel/Drivers/syscalls.o
                0x000000000802d574                _lseek
 .text._sbrk    0x000000000802d578       0x50 Core/kernel/Drivers/sysmem.o
                0x000000000802d578                _sbrk
 .text.SystemInit
                0x000000000802d5c8       0xf8 Core/kernel/Drivers/system_stm32h7xx.o
                0x000000000802d5c8                SystemInit
 .text.HAL_DAC_ConvHalfCpltCallbackCh1
                0x000000000802d6c0        0x4 Core/kernel/audio/audio.o
                0x000000000802d6c0                HAL_DAC_ConvHalfCpltCallbackCh1
 .text.HAL_DAC_ConvCpltCallbackCh1
                0x000000000802d6c4        0x4 Core/kernel/audio/audio.o
                0x000000000802d6c4                HAL_DAC_ConvCpltCallbackCh1
 .text.StartPlayerDMA
                0x000000000802d6c8       0x48 Core/kernel/audio/audio.o
                0x000000000802d6c8                StartPlayerDMA
 .text.startAudioDriver
                0x000000000802d710      0x30c Core/kernel/audio/audio.o
                0x000000000802d710                startAudioDriver
 .text.processSampler
                0x000000000802da1c       0xcc Core/kernel/audio/audio.o
                0x000000000802da1c                processSampler
 .text.MX_DAC1_Init
                0x000000000802dae8       0x74 Core/kernel/audio/dac.o
                0x000000000802dae8                MX_DAC1_Init
 .text.HAL_DAC_MspInit
                0x000000000802db5c      0x128 Core/kernel/audio/dac.o
                0x000000000802db5c                HAL_DAC_MspInit
 .text.MX_DMA2D_Init
                0x000000000802dc84      0x124 Core/kernel/display/dma2d.o
                0x000000000802dc84                MX_DMA2D_Init
 .text.HAL_DMA2D_MspInit
                0x000000000802dda8       0x4c Core/kernel/display/dma2d.o
                0x000000000802dda8                HAL_DMA2D_MspInit
 .text.dma2d_xfer_cplt
                0x000000000802ddf4       0x10 Core/kernel/display/lcd.o
 .text.dma2d_clut_cplt
                0x000000000802de04       0x10 Core/kernel/display/lcd.o
 .text.LCD_SetWindowsF
                0x000000000802de14       0x68 Core/kernel/display/lcd.o
 .text.dma2d_xfer_err
                0x000000000802de7c       0x10 Core/kernel/display/lcd.o
 .text.DMA2D_Callbacks_Init
                0x000000000802de8c       0x40 Core/kernel/display/lcd.o
                0x000000000802de8c                DMA2D_Callbacks_Init
 .text.HAL_GPEXT4_ScreenUpdate
                0x000000000802decc       0x18 Core/kernel/display/lcd.o
                0x000000000802decc                HAL_GPEXT4_ScreenUpdate
 .text.LCD_CrashDisplay
                0x000000000802dee4      0x274 Core/kernel/display/lcd.o
                0x000000000802dee4                LCD_CrashDisplay
 .text.LCD_InitHW
                0x000000000802e158      0x3a8 Core/kernel/display/lcd.o
                0x000000000802e158                LCD_InitHW
 .text.LCD_PIXEL_COLOUR_SET
                0x000000000802e500        0xc Core/kernel/display/lcd.o
                0x000000000802e500                LCD_PIXEL_COLOUR_SET
 .text.HWLCD_CLEAR_SCREEN
                0x000000000802e50c       0x4c Core/kernel/display/lcd.o
                0x000000000802e50c                HWLCD_CLEAR_SCREEN
 .text.lcd_showfbitmap
                0x000000000802e558        0xc Core/kernel/display/lcd.o
                0x000000000802e558                lcd_showfbitmap
 .text.lcd_usebitmap
                0x000000000802e564        0xc Core/kernel/display/lcd.o
                0x000000000802e564                lcd_usebitmap
 .text.lcd_setbrightness
                0x000000000802e570       0x14 Core/kernel/display/lcd.o
                0x000000000802e570                lcd_setbrightness
 .text.bios_text
                0x000000000802e584      0x2a0 Core/kernel/display/lcd.o
                0x000000000802e584                bios_text
 .text.lcd_load_default_clut
                0x000000000802e824       0x3c Core/kernel/display/lcd.o
                0x000000000802e824                lcd_load_default_clut
 .text.doLCDTest
                0x000000000802e860      0x1a8 Core/kernel/display/lcd.o
                0x000000000802e860                doLCDTest
 .text.lcd_vram_clear
                0x000000000802ea08       0x3c Core/kernel/display/lcd.o
                0x000000000802ea08                lcd_vram_clear
 .text.lcd_update
                0x000000000802ea44       0xa8 Core/kernel/display/lcd.o
                0x000000000802ea44                lcd_update
 .text.lcd_get_clut
                0x000000000802eaec        0xc Core/kernel/display/lcd.o
                0x000000000802eaec                lcd_get_clut
 .text.disk_status
                0x000000000802eaf8       0x18 Core/kernel/filesys/FatFs/diskio.o
                0x000000000802eaf8                disk_status
 .text.disk_initialize
                0x000000000802eb10       0x28 Core/kernel/filesys/FatFs/diskio.o
                0x000000000802eb10                disk_initialize
 .text.disk_read
                0x000000000802eb38       0x1c Core/kernel/filesys/FatFs/diskio.o
                0x000000000802eb38                disk_read
 .text.disk_write
                0x000000000802eb54       0x1c Core/kernel/filesys/FatFs/diskio.o
                0x000000000802eb54                disk_write
 .text.disk_ioctl
                0x000000000802eb70       0x1c Core/kernel/filesys/FatFs/diskio.o
                0x000000000802eb70                disk_ioctl
 .text.move_window.part.0
                0x000000000802eb8c       0x74 Core/kernel/filesys/FatFs/ff.o
 .text.put_fat.part.0
                0x000000000802ec00      0x13c Core/kernel/filesys/FatFs/ff.o
 .text.get_fat.isra.0
                0x000000000802ed3c       0xd8 Core/kernel/filesys/FatFs/ff.o
 .text.dir_next.constprop.0
                0x000000000802ee14       0x88 Core/kernel/filesys/FatFs/ff.o
 .text.sync_fs  0x000000000802ee9c       0xe8 Core/kernel/filesys/FatFs/ff.o
 .text.create_chain
                0x000000000802ef84      0x1b4 Core/kernel/filesys/FatFs/ff.o
 .text.check_fs
                0x000000000802f138       0xb0 Core/kernel/filesys/FatFs/ff.o
 .text.find_volume
                0x000000000802f1e8      0x490 Core/kernel/filesys/FatFs/ff.o
 .text.dir_sdi  0x000000000802f678      0x18c Core/kernel/filesys/FatFs/ff.o
 .text.dir_sdi.constprop.0
                0x000000000802f804      0x138 Core/kernel/filesys/FatFs/ff.o
 .text.dir_find
                0x000000000802f93c      0x370 Core/kernel/filesys/FatFs/ff.o
 .text.follow_path
                0x000000000802fcac      0x3b8 Core/kernel/filesys/FatFs/ff.o
 .text.dir_alloc
                0x0000000008030064      0x2c8 Core/kernel/filesys/FatFs/ff.o
 .text.dir_register
                0x000000000803032c      0x8c0 Core/kernel/filesys/FatFs/ff.o
 .text.remove_chain
                0x0000000008030bec      0x150 Core/kernel/filesys/FatFs/ff.o
 .text.f_mount  0x0000000008030d3c      0x148 Core/kernel/filesys/FatFs/ff.o
                0x0000000008030d3c                f_mount
 .text.f_open   0x0000000008030e84      0x710 Core/kernel/filesys/FatFs/ff.o
                0x0000000008030e84                f_open
 .text.f_read   0x0000000008031594      0x26c Core/kernel/filesys/FatFs/ff.o
                0x0000000008031594                f_read
 .text.f_close  0x0000000008031800      0x124 Core/kernel/filesys/FatFs/ff.o
                0x0000000008031800                f_close
 .text.FATFS_LinkDriver
                0x0000000008031924       0x4c Core/kernel/filesys/FatFs/ff_gen_drv.o
                0x0000000008031924                FATFS_LinkDriver
 .text.FATFS_UnLinkDriver
                0x0000000008031970       0x3c Core/kernel/filesys/FatFs/ff_gen_drv.o
                0x0000000008031970                FATFS_UnLinkDriver
 .text.ff_convert
                0x00000000080319ac       0x4c Core/kernel/filesys/FatFs/option/ccsbcs.o
                0x00000000080319ac                ff_convert
 .text.ff_wtoupper
                0x00000000080319f8       0x94 Core/kernel/filesys/FatFs/option/ccsbcs.o
                0x00000000080319f8                ff_wtoupper
 .text.BSP_SD_ReadBlocks
                0x0000000008031a8c       0x28 Core/kernel/filesys/bsp_driver_sd.o
                0x0000000008031a8c                BSP_SD_ReadBlocks
 .text.BSP_SD_WriteBlocks
                0x0000000008031ab4       0x28 Core/kernel/filesys/bsp_driver_sd.o
                0x0000000008031ab4                BSP_SD_WriteBlocks
 .text.BSP_SD_GetCardState
                0x0000000008031adc       0x18 Core/kernel/filesys/bsp_driver_sd.o
                0x0000000008031adc                BSP_SD_GetCardState
 .text.BSP_SD_GetCardInfo
                0x0000000008031af4       0x10 Core/kernel/filesys/bsp_driver_sd.o
                0x0000000008031af4                BSP_SD_GetCardInfo
 .text.BSP_SD_IsDetected
                0x0000000008031b04       0x20 Core/kernel/filesys/bsp_driver_sd.o
                0x0000000008031b04                BSP_SD_IsDetected
 .text.BSP_SD_Init
                0x0000000008031b24       0x20 Core/kernel/filesys/bsp_driver_sd.o
                0x0000000008031b24                BSP_SD_Init
 .text.BSP_PlatformIsDetected
                0x0000000008031b44       0x18 Core/kernel/filesys/fatfs_platform.o
                0x0000000008031b44                BSP_PlatformIsDetected
 .text.diskcode_str
                0x0000000008031b5c       0x1c Core/kernel/filesys/filesys.o
                0x0000000008031b5c                diskcode_str
 .text.MX_FATFS_Init
                0x0000000008031b78       0x14 Core/kernel/filesys/filesys.o
                0x0000000008031b78                MX_FATFS_Init
 .text.isDiskMounted
                0x0000000008031b8c        0xc Core/kernel/filesys/filesys.o
                0x0000000008031b8c                isDiskMounted
 .text.isDiskPresent
                0x0000000008031b98       0x14 Core/kernel/filesys/filesys.o
                0x0000000008031b98                isDiskPresent
 .text.DiskMount
                0x0000000008031bac      0x100 Core/kernel/filesys/filesys.o
                0x0000000008031bac                DiskMount
 .text.UnmountDisk
                0x0000000008031cac       0xfc Core/kernel/filesys/filesys.o
                0x0000000008031cac                UnmountDisk
 .text.doDiskHeartBeat
                0x0000000008031da8       0x74 Core/kernel/filesys/filesys.o
                0x0000000008031da8                doDiskHeartBeat
 .text.FATFSCHECK
                0x0000000008031e1c       0x84 Core/kernel/filesys/filesys.o
                0x0000000008031e1c                FATFSCHECK
 .text.SD_initialize
                0x0000000008031ea0       0x34 Core/kernel/filesys/sd_diskio.o
                0x0000000008031ea0                SD_initialize
 .text.SD_status
                0x0000000008031ed4       0x20 Core/kernel/filesys/sd_diskio.o
                0x0000000008031ed4                SD_status
 .text.SD_read  0x0000000008031ef4       0x28 Core/kernel/filesys/sd_diskio.o
                0x0000000008031ef4                SD_read
 .text.SD_ioctl
                0x0000000008031f1c       0x5c Core/kernel/filesys/sd_diskio.o
                0x0000000008031f1c                SD_ioctl
 .text.SD_write
                0x0000000008031f78       0x28 Core/kernel/filesys/sd_diskio.o
                0x0000000008031f78                SD_write
 .text.MX_SDMMC1_SD_Init
                0x0000000008031fa0       0x38 Core/kernel/filesys/sdmmc.o
                0x0000000008031fa0                MX_SDMMC1_SD_Init
 .text.HAL_SD_MspInit
                0x0000000008031fd8       0xc0 Core/kernel/filesys/sdmmc.o
                0x0000000008031fd8                HAL_SD_MspInit
 .text.HAL_SD_MspDeInit
                0x0000000008032098       0x48 Core/kernel/filesys/sdmmc.o
                0x0000000008032098                HAL_SD_MspDeInit
 .text.HAL_TIM_PeriodElapsedCallback