stm32h7xx_hal_tim.c:6778:13:TIM_OC1_SetConfig	16	static
stm32h7xx_hal_tim.c:6929:13:TIM_OC3_SetConfig	16	static
stm32h7xx_hal_tim.c:371:13:HAL_TIM_Base_MspInit	0	static
stm32h7xx_hal_tim.c:269:19:HAL_TIM_Base_Init	24	static
stm32h7xx_hal_tim.c:386:13:HAL_TIM_Base_MspDeInit	0	static
stm32h7xx_hal_tim.c:328:19:HAL_TIM_Base_DeInit	8	static
stm32h7xx_hal_tim.c:402:19:HAL_TIM_Base_Start	8	static
stm32h7xx_hal_tim.c:430:19:HAL_TIM_Base_Stop	0	static
stm32h7xx_hal_tim.c:450:19:HAL_TIM_Base_Start_IT	8	static
stm32h7xx_hal_tim.c:492:19:HAL_TIM_Base_Stop_IT	4	static
stm32h7xx_hal_tim.c:517:19:HAL_TIM_Base_Start_DMA	24	static
stm32h7xx_hal_tim.c:585:19:HAL_TIM_Base_Stop_DMA	8	static
stm32h7xx_hal_tim.c:742:13:HAL_TIM_OC_MspInit	0	static
stm32h7xx_hal_tim.c:640:19:HAL_TIM_OC_Init	24	static
stm32h7xx_hal_tim.c:757:13:HAL_TIM_OC_MspDeInit	0	static
stm32h7xx_hal_tim.c:699:19:HAL_TIM_OC_DeInit	8	static
stm32h7xx_hal_tim.c:780:19:HAL_TIM_OC_Start	12	static
stm32h7xx_hal_tim.c:836:19:HAL_TIM_OC_Stop	16	static
stm32h7xx_hal_tim.c:871:19:HAL_TIM_OC_Start_IT	12	static
stm32h7xx_hal_tim.c:959:19:HAL_TIM_OC_Stop_IT	12	static
stm32h7xx_hal_tim.c:1030:19:HAL_TIM_OC_Start_DMA	24	static
stm32h7xx_hal_tim.c:1184:19:HAL_TIM_OC_Stop_DMA	24	static
stm32h7xx_hal_tim.c:1383:13:HAL_TIM_PWM_MspInit	0	static
stm32h7xx_hal_tim.c:1281:19:HAL_TIM_PWM_Init	24	static
stm32h7xx_hal_tim.c:1398:13:HAL_TIM_PWM_MspDeInit	0	static
stm32h7xx_hal_tim.c:1340:19:HAL_TIM_PWM_DeInit	8	static
stm32h7xx_hal_tim.c:1421:19:HAL_TIM_PWM_Start	12	static
stm32h7xx_hal_tim.c:1477:19:HAL_TIM_PWM_Stop	16	static
stm32h7xx_hal_tim.c:1512:19:HAL_TIM_PWM_Start_IT	12	static
stm32h7xx_hal_tim.c:1599:19:HAL_TIM_PWM_Stop_IT	12	static
stm32h7xx_hal_tim.c:1670:19:HAL_TIM_PWM_Start_DMA	24	static
stm32h7xx_hal_tim.c:1823:19:HAL_TIM_PWM_Stop_DMA	24	static
stm32h7xx_hal_tim.c:2022:13:HAL_TIM_IC_MspInit	0	static
stm32h7xx_hal_tim.c:1920:19:HAL_TIM_IC_Init	24	static
stm32h7xx_hal_tim.c:2037:13:HAL_TIM_IC_MspDeInit	0	static
stm32h7xx_hal_tim.c:1979:19:HAL_TIM_IC_DeInit	8	static
stm32h7xx_hal_tim.c:2058:19:HAL_TIM_IC_Start	12	static
stm32h7xx_hal_tim.c:2110:19:HAL_TIM_IC_Stop	12	static
stm32h7xx_hal_tim.c:2140:19:HAL_TIM_IC_Start_IT	8	static
stm32h7xx_hal_tim.c:2225:19:HAL_TIM_IC_Stop_IT	12	static
stm32h7xx_hal_tim.c:2291:19:HAL_TIM_IC_Start_DMA	24	static
stm32h7xx_hal_tim.c:2443:19:HAL_TIM_IC_Stop_DMA	16	static
stm32h7xx_hal_tim.c:2655:13:HAL_TIM_OnePulse_MspInit	0	static
stm32h7xx_hal_tim.c:2542:19:HAL_TIM_OnePulse_Init	24	static
stm32h7xx_hal_tim.c:2670:13:HAL_TIM_OnePulse_MspDeInit	0	static
stm32h7xx_hal_tim.c:2610:19:HAL_TIM_OnePulse_DeInit	8	static
stm32h7xx_hal_tim.c:2690:19:HAL_TIM_OnePulse_Start	8	static
stm32h7xx_hal_tim.c:2747:19:HAL_TIM_OnePulse_Stop	12	static
stm32h7xx_hal_tim.c:2790:19:HAL_TIM_OnePulse_Start_IT	8	static
stm32h7xx_hal_tim.c:2853:19:HAL_TIM_OnePulse_Stop_IT	12	static
stm32h7xx_hal_tim.c:3091:13:HAL_TIM_Encoder_MspInit	0	static
stm32h7xx_hal_tim.c:2932:19:HAL_TIM_Encoder_Init	40	static
stm32h7xx_hal_tim.c:3106:13:HAL_TIM_Encoder_MspDeInit	0	static
stm32h7xx_hal_tim.c:3046:19:HAL_TIM_Encoder_DeInit	8	static
stm32h7xx_hal_tim.c:3126:19:HAL_TIM_Encoder_Start	8	static
stm32h7xx_hal_tim.c:3220:19:HAL_TIM_Encoder_Stop	4	static
stm32h7xx_hal_tim.c:3280:19:HAL_TIM_Encoder_Start_IT	8	static
stm32h7xx_hal_tim.c:3380:19:HAL_TIM_Encoder_Stop_IT	4	static
stm32h7xx_hal_tim.c:3445:19:HAL_TIM_Encoder_Start_DMA	32	static
stm32h7xx_hal_tim.c:3653:19:HAL_TIM_Encoder_Stop_DMA	16	static
stm32h7xx_hal_tim.c:4056:19:HAL_TIM_IC_ConfigChannel	16	static
stm32h7xx_hal_tim.c:4442:19:HAL_TIM_DMABurst_WriteStart	24	static
stm32h7xx_hal_tim.c:4495:19:HAL_TIM_DMABurst_MultiWriteStart	24	static
stm32h7xx_hal_tim.c:4672:19:HAL_TIM_DMABurst_WriteStop	16	static
stm32h7xx_hal_tim.c:4774:19:HAL_TIM_DMABurst_ReadStart	24	static
stm32h7xx_hal_tim.c:4827:19:HAL_TIM_DMABurst_MultiReadStart	24	static
stm32h7xx_hal_tim.c:5005:19:HAL_TIM_DMABurst_ReadStop	16	static
stm32h7xx_hal_tim.c:5083:19:HAL_TIM_GenerateEvent	8	static
stm32h7xx_hal_tim.c:5122:19:HAL_TIM_ConfigOCrefClear	12	static
stm32h7xx_hal_tim.c:5274:19:HAL_TIM_ConfigClockSource	16	static
stm32h7xx_hal_tim.c:5431:19:HAL_TIM_ConfigTI1Input	0	static
stm32h7xx_hal_tim.c:5463:19:HAL_TIM_SlaveConfigSynchro	16	static
stm32h7xx_hal_tim.c:5503:19:HAL_TIM_SlaveConfigSynchro_IT	16	static
stm32h7xx_hal_tim.c:5546:10:HAL_TIM_ReadCapturedValue	0	static
stm32h7xx_hal_tim.c:5630:13:HAL_TIM_PeriodElapsedCallback	0	static
stm32h7xx_hal_tim.c:6655:13:TIM_DMAPeriodElapsedCplt	8	static
stm32h7xx_hal_tim.c:5645:13:HAL_TIM_PeriodElapsedHalfCpltCallback	0	static
stm32h7xx_hal_tim.c:6676:13:TIM_DMAPeriodElapsedHalfCplt	8	static
stm32h7xx_hal_tim.c:5660:13:HAL_TIM_OC_DelayElapsedCallback	0	static
stm32h7xx_hal_tim.c:5675:13:HAL_TIM_IC_CaptureCallback	0	static
stm32h7xx_hal_tim.c:6553:6:TIM_DMACaptureCplt	8	static
stm32h7xx_hal_tim.c:5690:13:HAL_TIM_IC_CaptureHalfCpltCallback	0	static
stm32h7xx_hal_tim.c:6616:6:TIM_DMACaptureHalfCplt	8	static
stm32h7xx_hal_tim.c:5705:13:HAL_TIM_PWM_PulseFinishedCallback	0	static
stm32h7xx_hal_tim.c:6455:13:TIM_DMADelayPulseCplt	8	static
stm32h7xx_hal_tim.c:5720:13:HAL_TIM_PWM_PulseFinishedHalfCpltCallback	0	static
stm32h7xx_hal_tim.c:6514:6:TIM_DMADelayPulseHalfCplt	8	static
stm32h7xx_hal_tim.c:5735:13:HAL_TIM_TriggerCallback	0	static
stm32h7xx_hal_tim.c:3730:6:HAL_TIM_IRQHandler	8	static
stm32h7xx_hal_tim.c:6692:13:TIM_DMATriggerCplt	8	static
stm32h7xx_hal_tim.c:5750:13:HAL_TIM_TriggerHalfCpltCallback	0	static
stm32h7xx_hal_tim.c:6713:13:TIM_DMATriggerHalfCplt	8	static
stm32h7xx_hal_tim.c:5765:13:HAL_TIM_ErrorCallback	0	static
stm32h7xx_hal_tim.c:6412:6:TIM_DMAError	8	static
stm32h7xx_hal_tim.c:6292:22:HAL_TIM_Base_GetState	0	static
stm32h7xx_hal_tim.c:6302:22:HAL_TIM_OC_GetState	0	static
stm32h7xx_hal_tim.c:6312:22:HAL_TIM_PWM_GetState	0	static
stm32h7xx_hal_tim.c:6322:22:HAL_TIM_IC_GetState	0	static
stm32h7xx_hal_tim.c:6332:22:HAL_TIM_OnePulse_GetState	0	static
stm32h7xx_hal_tim.c:6342:22:HAL_TIM_Encoder_GetState	0	static
stm32h7xx_hal_tim.c:6352:23:HAL_TIM_GetActiveChannel	0	static
stm32h7xx_hal_tim.c:6370:29:HAL_TIM_GetChannelState	0	static
stm32h7xx_hal_tim.c:6387:30:HAL_TIM_DMABurstState	0	static
stm32h7xx_hal_tim.c:6730:6:TIM_Base_SetConfig	16	static
stm32h7xx_hal_tim.c:6853:6:TIM_OC2_SetConfig	16	static
stm32h7xx_hal_tim.c:3960:19:HAL_TIM_OC_ConfigChannel	24	static
stm32h7xx_hal_tim.c:4151:19:HAL_TIM_PWM_ConfigChannel	24	static
stm32h7xx_hal_tim.c:4296:19:HAL_TIM_OnePulse_ConfigChannel	56	static
stm32h7xx_hal_tim.c:7311:6:TIM_TI1_SetConfig	12	static
stm32h7xx_hal_tim.c:7618:6:TIM_ETR_SetConfig	4	static
stm32h7xx_hal_tim.c:7650:6:TIM_CCxChannelCmd	4	static
