usbd_conf.c:67:6:HAL_PCD_MspInit	240	static
usbd_conf.c:112:6:HAL_PCD_MspDeInit	8	static
usbd_conf.c:145:6:HAL_PCD_SetupStageCallback	0	static
usbd_conf.c:160:6:HAL_PCD_DataOutStageCallback	0	static
usbd_conf.c:175:6:HAL_PCD_DataInStageCallback	0	static
usbd_conf.c:189:6:HAL_PCD_SOFCallback	0	static
usbd_conf.c:203:6:HAL_PCD_ResetCallback	8	static
usbd_conf.c:236:6:HAL_PCD_SuspendCallback	8	static
usbd_conf.c:261:6:HAL_PCD_ResumeCallback	0	static
usbd_conf.c:279:6:HAL_PCD_ISOOUTIncompleteCallback	0	static
usbd_conf.c:294:6:HAL_PCD_ISOINIncompleteCallback	0	static
usbd_conf.c:308:6:HAL_PCD_ConnectCallback	0	static
usbd_conf.c:322:6:HAL_PCD_DisconnectCallback	0	static
usbd_conf.c:337:20:USBD_LL_Init	16	static
usbd_conf.c:388:20:USBD_LL_DeInit	8	static
usbd_conf.c:405:20:USBD_LL_Start	8	static
usbd_conf.c:422:20:USBD_LL_Stop	8	static
usbd_conf.c:442:20:USBD_LL_OpenEP	8	static
usbd_conf.c:460:20:USBD_LL_CloseEP	8	static
usbd_conf.c:478:20:USBD_LL_FlushEP	8	static
usbd_conf.c:496:20:USBD_LL_StallEP	8	static
usbd_conf.c:514:20:USBD_LL_ClearStallEP	8	static
usbd_conf.c:532:9:USBD_LL_IsStallEP	0	static
usbd_conf.c:552:20:USBD_LL_SetUSBAddress	8	static
usbd_conf.c:572:20:USBD_LL_Transmit	8	static
usbd_conf.c:592:20:USBD_LL_PrepareReceive	8	static
usbd_conf.c:610:10:USBD_LL_GetRxDataSize	0	static
usbd_conf.c:619:7:USBD_static_malloc	0	static
usbd_conf.c:630:6:USBD_static_free	0	static
usbd_conf.c:640:6:USBD_LL_Delay	0	static
usbd_conf.c:650:20:USBD_Get_USB_Status	0	static
